Archive member included to satisfy reference by file (symbol)

c:/st/stm32cubeide_1.7.0/stm32cubeide/plugins/com.st.stm32cube.ide.mcu.externaltools.gnu-tools-for-stm32.9-2020-q2-update.win32_2.0.0.202105311346/tools/bin/../lib/gcc/arm-none-eabi/9.3.1/../../../../arm-none-eabi/lib/thumb/v7-m/nofp\libc_nano.a(lib_a-errno.o)
                              ./Core/Src/syscalls.o (__errno)
c:/st/stm32cubeide_1.7.0/stm32cubeide/plugins/com.st.stm32cube.ide.mcu.externaltools.gnu-tools-for-stm32.9-2020-q2-update.win32_2.0.0.202105311346/tools/bin/../lib/gcc/arm-none-eabi/9.3.1/../../../../arm-none-eabi/lib/thumb/v7-m/nofp\libc_nano.a(lib_a-exit.o)
                              c:/st/stm32cubeide_1.7.0/stm32cubeide/plugins/com.st.stm32cube.ide.mcu.externaltools.gnu-tools-for-stm32.9-2020-q2-update.win32_2.0.0.202105311346/tools/bin/../lib/gcc/arm-none-eabi/9.3.1/../../../../arm-none-eabi/lib/thumb/v7-m/nofp/crt0.o (exit)
c:/st/stm32cubeide_1.7.0/stm32cubeide/plugins/com.st.stm32cube.ide.mcu.externaltools.gnu-tools-for-stm32.9-2020-q2-update.win32_2.0.0.202105311346/tools/bin/../lib/gcc/arm-none-eabi/9.3.1/../../../../arm-none-eabi/lib/thumb/v7-m/nofp\libc_nano.a(lib_a-impure.o)
                              c:/st/stm32cubeide_1.7.0/stm32cubeide/plugins/com.st.stm32cube.ide.mcu.externaltools.gnu-tools-for-stm32.9-2020-q2-update.win32_2.0.0.202105311346/tools/bin/../lib/gcc/arm-none-eabi/9.3.1/../../../../arm-none-eabi/lib/thumb/v7-m/nofp\libc_nano.a(lib_a-exit.o) (_global_impure_ptr)
c:/st/stm32cubeide_1.7.0/stm32cubeide/plugins/com.st.stm32cube.ide.mcu.externaltools.gnu-tools-for-stm32.9-2020-q2-update.win32_2.0.0.202105311346/tools/bin/../lib/gcc/arm-none-eabi/9.3.1/../../../../arm-none-eabi/lib/thumb/v7-m/nofp\libc_nano.a(lib_a-init.o)
                              c:/st/stm32cubeide_1.7.0/stm32cubeide/plugins/com.st.stm32cube.ide.mcu.externaltools.gnu-tools-for-stm32.9-2020-q2-update.win32_2.0.0.202105311346/tools/bin/../lib/gcc/arm-none-eabi/9.3.1/../../../../arm-none-eabi/lib/thumb/v7-m/nofp/crt0.o (__libc_init_array)
c:/st/stm32cubeide_1.7.0/stm32cubeide/plugins/com.st.stm32cube.ide.mcu.externaltools.gnu-tools-for-stm32.9-2020-q2-update.win32_2.0.0.202105311346/tools/bin/../lib/gcc/arm-none-eabi/9.3.1/../../../../arm-none-eabi/lib/thumb/v7-m/nofp\libc_nano.a(lib_a-memcpy-stub.o)
                              ./Middlewares/Third_Party/FreeRTOS/Source/queue.o (memcpy)
c:/st/stm32cubeide_1.7.0/stm32cubeide/plugins/com.st.stm32cube.ide.mcu.externaltools.gnu-tools-for-stm32.9-2020-q2-update.win32_2.0.0.202105311346/tools/bin/../lib/gcc/arm-none-eabi/9.3.1/../../../../arm-none-eabi/lib/thumb/v7-m/nofp\libc_nano.a(lib_a-memset.o)
                              c:/st/stm32cubeide_1.7.0/stm32cubeide/plugins/com.st.stm32cube.ide.mcu.externaltools.gnu-tools-for-stm32.9-2020-q2-update.win32_2.0.0.202105311346/tools/bin/../lib/gcc/arm-none-eabi/9.3.1/../../../../arm-none-eabi/lib/thumb/v7-m/nofp/crt0.o (memset)
c:/st/stm32cubeide_1.7.0/stm32cubeide/plugins/com.st.stm32cube.ide.mcu.externaltools.gnu-tools-for-stm32.9-2020-q2-update.win32_2.0.0.202105311346/tools/bin/../lib/gcc/arm-none-eabi/9.3.1/../../../../arm-none-eabi/lib/thumb/v7-m/nofp\libc_nano.a(lib_a-vsnprintf.o)
                              ./Core/Src/printf.o (vsnprintf)
c:/st/stm32cubeide_1.7.0/stm32cubeide/plugins/com.st.stm32cube.ide.mcu.externaltools.gnu-tools-for-stm32.9-2020-q2-update.win32_2.0.0.202105311346/tools/bin/../lib/gcc/arm-none-eabi/9.3.1/../../../../arm-none-eabi/lib/thumb/v7-m/nofp\libc_nano.a(lib_a-nano-svfprintf.o)
                              c:/st/stm32cubeide_1.7.0/stm32cubeide/plugins/com.st.stm32cube.ide.mcu.externaltools.gnu-tools-for-stm32.9-2020-q2-update.win32_2.0.0.202105311346/tools/bin/../lib/gcc/arm-none-eabi/9.3.1/../../../../arm-none-eabi/lib/thumb/v7-m/nofp\libc_nano.a(lib_a-vsnprintf.o) (_svfprintf_r)
c:/st/stm32cubeide_1.7.0/stm32cubeide/plugins/com.st.stm32cube.ide.mcu.externaltools.gnu-tools-for-stm32.9-2020-q2-update.win32_2.0.0.202105311346/tools/bin/../lib/gcc/arm-none-eabi/9.3.1/../../../../arm-none-eabi/lib/thumb/v7-m/nofp\libc_nano.a(lib_a-nano-vfprintf_i.o)
                              c:/st/stm32cubeide_1.7.0/stm32cubeide/plugins/com.st.stm32cube.ide.mcu.externaltools.gnu-tools-for-stm32.9-2020-q2-update.win32_2.0.0.202105311346/tools/bin/../lib/gcc/arm-none-eabi/9.3.1/../../../../arm-none-eabi/lib/thumb/v7-m/nofp\libc_nano.a(lib_a-nano-svfprintf.o) (_printf_i)
c:/st/stm32cubeide_1.7.0/stm32cubeide/plugins/com.st.stm32cube.ide.mcu.externaltools.gnu-tools-for-stm32.9-2020-q2-update.win32_2.0.0.202105311346/tools/bin/../lib/gcc/arm-none-eabi/9.3.1/../../../../arm-none-eabi/lib/thumb/v7-m/nofp\libc_nano.a(lib_a-memchr-stub.o)
[...]
Memory Configuration

Name             Origin             Length             Attributes
RAM              0x0000000020000000 0x000000000000c000 xrw
FLASH            0x0000000008000000 0x0000000000040000 xr
*default*        0x0000000000000000 0xffffffffffffffff

Linker script and memory map

LOAD c:/st/stm32cubeide_1.7.0/stm32cubeide/plugins/com.st.stm32cube.ide.mcu.externaltools.gnu-tools-for-stm32.9-2020-q2-update.win32_2.0.0.202105311346/tools/bin/../lib/gcc/arm-none-eabi/9.3.1/thumb/v7-m/nofp/crti.o
LOAD c:/st/stm32cubeide_1.7.0/stm32cubeide/plugins/com.st.stm32cube.ide.mcu.externaltools.gnu-tools-for-stm32.9-2020-q2-update.win32_2.0.0.202105311346/tools/bin/../lib/gcc/arm-none-eabi/9.3.1/thumb/v7-m/nofp/crtbegin.o
LOAD c:/st/stm32cubeide_1.7.0/stm32cubeide/plugins/com.st.stm32cube.ide.mcu.externaltools.gnu-tools-for-stm32.9-2020-q2-update.win32_2.0.0.202105311346/tools/bin/../lib/gcc/arm-none-eabi/9.3.1/../../../../arm-none-eabi/lib/thumb/v7-m/nofp/crt0.o
LOAD ./Core/Src/freertos.o
LOAD ./Core/Src/main.o
LOAD ./Core/Src/printf.o
LOAD ./Core/Src/stm32f1xx_hal_msp.o
LOAD ./Core/Src/stm32f1xx_hal_timebase_tim.o
LOAD ./Core/Src/stm32f1xx_it.o
LOAD ./Core/Src/syscalls.o
LOAD ./Core/Src/sysmem.o
LOAD ./Core/Src/system_stm32f1xx.o
LOAD ./Core/Startup/startup_stm32f103rctx.o
LOAD ./Drivers/STM32F1xx_HAL_Driver/Src/stm32f1xx_hal.o
LOAD ./Drivers/STM32F1xx_HAL_Driver/Src/stm32f1xx_hal_cortex.o
LOAD ./Drivers/STM32F1xx_HAL_Driver/Src/stm32f1xx_hal_dma.o
LOAD ./Drivers/STM32F1xx_HAL_Driver/Src/stm32f1xx_hal_exti.o
LOAD ./Drivers/STM32F1xx_HAL_Driver/Src/stm32f1xx_hal_flash.o
LOAD ./Drivers/STM32F1xx_HAL_Driver/Src/stm32f1xx_hal_flash_ex.o
LOAD ./Drivers/STM32F1xx_HAL_Driver/Src/stm32f1xx_hal_gpio.o
LOAD ./Drivers/STM32F1xx_HAL_Driver/Src/stm32f1xx_hal_gpio_ex.o
LOAD ./Drivers/STM32F1xx_HAL_Driver/Src/stm32f1xx_hal_pwr.o
LOAD ./Drivers/STM32F1xx_HAL_Driver/Src/stm32f1xx_hal_rcc.o
LOAD ./Drivers/STM32F1xx_HAL_Driver/Src/stm32f1xx_hal_rcc_ex.o
LOAD ./Drivers/STM32F1xx_HAL_Driver/Src/stm32f1xx_hal_tim.o
LOAD ./Drivers/STM32F1xx_HAL_Driver/Src/stm32f1xx_hal_tim_ex.o
LOAD ./Drivers/STM32F1xx_HAL_Driver/Src/stm32f1xx_hal_uart.o
LOAD ./Middlewares/Third_Party/FreeRTOS/Source/CMSIS_RTOS/cmsis_os.o
LOAD ./Middlewares/Third_Party/FreeRTOS/Source/croutine.o
LOAD ./Middlewares/Third_Party/FreeRTOS/Source/event_groups.o
LOAD ./Middlewares/Third_Party/FreeRTOS/Source/list.o
LOAD ./Middlewares/Third_Party/FreeRTOS/Source/queue.o
LOAD ./Middlewares/Third_Party/FreeRTOS/Source/stream_buffer.o
LOAD ./Middlewares/Third_Party/FreeRTOS/Source/tasks.o
LOAD ./Middlewares/Third_Party/FreeRTOS/Source/timers.o
LOAD ./Middlewares/Third_Party/FreeRTOS/Source/portable/GCC/ARM_CM3/port.o
LOAD ./Middlewares/Third_Party/FreeRTOS/Source/portable/MemMang/heap_4.o
START GROUP
LOAD c:/st/stm32cubeide_1.7.0/stm32cubeide/plugins/com.st.stm32cube.ide.mcu.externaltools.gnu-tools-for-stm32.9-2020-q2-update.win32_2.0.0.202105311346/tools/bin/../lib/gcc/arm-none-eabi/9.3.1/../../../../arm-none-eabi/lib/thumb/v7-m/nofp\libc_nano.a
LOAD c:/st/stm32cubeide_1.7.0/stm32cubeide/plugins/com.st.stm32cube.ide.mcu.externaltools.gnu-tools-for-stm32.9-2020-q2-update.win32_2.0.0.202105311346/tools/bin/../lib/gcc/arm-none-eabi/9.3.1/../../../../arm-none-eabi/lib/thumb/v7-m/nofp\libm.a
END GROUP
START GROUP
LOAD c:/st/stm32cubeide_1.7.0/stm32cubeide/plugins/com.st.stm32cube.ide.mcu.externaltools.gnu-tools-for-stm32.9-2020-q2-update.win32_2.0.0.202105311346/tools/bin/../lib/gcc/arm-none-eabi/9.3.1/thumb/v7-m/nofp\libgcc.a
LOAD c:/st/stm32cubeide_1.7.0/stm32cubeide/plugins/com.st.stm32cube.ide.mcu.externaltools.gnu-tools-for-stm32.9-2020-q2-update.win32_2.0.0.202105311346/tools/bin/../lib/gcc/arm-none-eabi/9.3.1/../../../../arm-none-eabi/lib/thumb/v7-m/nofp\libc_nano.a
END GROUP
START GROUP
LOAD c:/st/stm32cubeide_1.7.0/stm32cubeide/plugins/com.st.stm32cube.ide.mcu.externaltools.gnu-tools-for-stm32.9-2020-q2-update.win32_2.0.0.202105311346/tools/bin/../lib/gcc/arm-none-eabi/9.3.1/thumb/v7-m/nofp\libgcc.a
LOAD c:/st/stm32cubeide_1.7.0/stm32cubeide/plugins/com.st.stm32cube.ide.mcu.externaltools.gnu-tools-for-stm32.9-2020-q2-update.win32_2.0.0.202105311346/tools/bin/../lib/gcc/arm-none-eabi/9.3.1/../../../../arm-none-eabi/lib/thumb/v7-m/nofp\libc_nano.a
LOAD c:/st/stm32cubeide_1.7.0/stm32cubeide/plugins/com.st.stm32cube.ide.mcu.externaltools.gnu-tools-for-stm32.9-2020-q2-update.win32_2.0.0.202105311346/tools/bin/../lib/gcc/arm-none-eabi/9.3.1/../../../../arm-none-eabi/lib/thumb/v7-m/nofp\libnosys.a
END GROUP
START GROUP
LOAD c:/st/stm32cubeide_1.7.0/stm32cubeide/plugins/com.st.stm32cube.ide.mcu.externaltools.gnu-tools-for-stm32.9-2020-q2-update.win32_2.0.0.202105311346/tools/bin/../lib/gcc/arm-none-eabi/9.3.1/thumb/v7-m/nofp\libgcc.a
LOAD c:/st/stm32cubeide_1.7.0/stm32cubeide/plugins/com.st.stm32cube.ide.mcu.externaltools.gnu-tools-for-stm32.9-2020-q2-update.win32_2.0.0.202105311346/tools/bin/../lib/gcc/arm-none-eabi/9.3.1/../../../../arm-none-eabi/lib/thumb/v7-m/nofp\libc_nano.a
LOAD c:/st/stm32cubeide_1.7.0/stm32cubeide/plugins/com.st.stm32cube.ide.mcu.externaltools.gnu-tools-for-stm32.9-2020-q2-update.win32_2.0.0.202105311346/tools/bin/../lib/gcc/arm-none-eabi/9.3.1/../../../../arm-none-eabi/lib/thumb/v7-m/nofp\libnosys.a
END GROUP
LOAD c:/st/stm32cubeide_1.7.0/stm32cubeide/plugins/com.st.stm32cube.ide.mcu.externaltools.gnu-tools-for-stm32.9-2020-q2-update.win32_2.0.0.202105311346/tools/bin/../lib/gcc/arm-none-eabi/9.3.1/thumb/v7-m/nofp/crtend.o
LOAD c:/st/stm32cubeide_1.7.0/stm32cubeide/plugins/com.st.stm32cube.ide.mcu.externaltools.gnu-tools-for-stm32.9-2020-q2-update.win32_2.0.0.202105311346/tools/bin/../lib/gcc/arm-none-eabi/9.3.1/thumb/v7-m/nofp/crtn.o
                0x000000002000c000                _estack = (ORIGIN (RAM) + LENGTH (RAM))
                0x0000000000000200                _Min_Heap_Size = 0x200
                0x0000000000000400                _Min_Stack_Size = 0x400

.isr_vector     0x0000000008000000      0x1e4
                0x0000000008000000                . = ALIGN (0x4)
 *(.isr_vector)
 .isr_vector    0x0000000008000000      0x1e4 ./Core/Startup/startup_stm32f103rctx.o
                0x0000000008000000                g_pfnVectors
                0x00000000080001e4                . = ALIGN (0x4)

.text           0x00000000080001f0     0x4b50
                0x00000000080001f0                . = ALIGN (0x4)
 *(.text)
 .text          0x00000000080001f0       0x40 c:/st/stm32cubeide_1.7.0/stm32cubeide/plugins/com.st.stm32cube.ide.mcu.externaltools.gnu-tools-for-stm32.9-2020-q2-update.win32_2.0.0.202105311346/tools/bin/../lib/gcc/arm-none-eabi/9.3.1/thumb/v7-m/nofp/crtbegin.o
 *(.text*)
 .text.vApplicationGetIdleTaskMemory
                0x0000000008000230       0x30 ./Core/Src/freertos.o
                0x0000000008000230                vApplicationGetIdleTaskMemory
 .text.main     0x0000000008000260       0xc8 ./Core/Src/main.o
                0x0000000008000260                main
 .text.SystemClock_Config
                0x0000000008000328       0x8a ./Core/Src/main.o
                0x0000000008000328                SystemClock_Config
 *fill*         0x00000000080003b2        0x2 
 .text.MX_USART1_UART_Init
                0x00000000080003b4       0x54 ./Core/Src/main.o
 .text.MX_GPIO_Init
                0x0000000008000408       0x44 ./Core/Src/main.o
 .text.StartTask02
                0x000000000800044c       0x48 ./Core/Src/main.o
                0x000000000800044c                StartTask02
 .text.StartDefaultTask
                0x0000000008000494        0xa ./Core/Src/main.o
                0x0000000008000494                StartDefaultTask
 *fill*         0x000000000800049e        0x2 
 .text.StartTask01
                0x00000000080004a0       0x50 ./Core/Src/main.o
                0x00000000080004a0                StartTask01
 .text.HAL_TIM_PeriodElapsedCallback
                0x00000000080004f0       0x24 ./Core/Src/main.o
                0x00000000080004f0                HAL_TIM_PeriodElapsedCallback
 .text.Error_Handler
                0x0000000008000514        0xa ./Core/Src/main.o
                0x0000000008000514                Error_Handler
 *fill*         0x000000000800051e        0x2 
 .text.mprintf  0x0000000008000520       0x40 ./Core/Src/printf.o
                0x0000000008000520                mprintf
 .text.HAL_MspInit
                0x0000000008000560       0x70 ./Core/Src/stm32f1xx_hal_msp.o
                0x0000000008000560                HAL_MspInit
 .text.HAL_UART_MspInit
                0x00000000080005d0       0x98 ./Core/Src/stm32f1xx_hal_msp.o
                0x00000000080005d0                HAL_UART_MspInit
 .text.HAL_InitTick
                0x0000000008000668       0xb0 ./Core/Src/stm32f1xx_hal_timebase_tim.o
                0x0000000008000668                HAL_InitTick
 .text.NMI_Handler
                0x0000000008000718        0x6 ./Core/Src/stm32f1xx_it.o
                0x0000000008000718                NMI_Handler
 .text.HardFault_Handler
                0x000000000800071e        0x6 ./Core/Src/stm32f1xx_it.o
                0x000000000800071e                HardFault_Handler
 .text.MemManage_Handler
                0x0000000008000724        0x6 ./Core/Src/stm32f1xx_it.o
                0x0000000008000724                MemManage_Handler
 .text.BusFault_Handler
                0x000000000800072a        0x6 ./Core/Src/stm32f1xx_it.o
                0x000000000800072a                BusFault_Handler
 .text.UsageFault_Handler
                0x0000000008000730        0x6 ./Core/Src/stm32f1xx_it.o
                0x0000000008000730                UsageFault_Handler
 .text.DebugMon_Handler
                0x0000000008000736        0xc ./Core/Src/stm32f1xx_it.o
                0x0000000008000736                DebugMon_Handler
 *fill*         0x0000000008000742        0x2 
 .text.TIM4_IRQHandler
                0x0000000008000744       0x14 ./Core/Src/stm32f1xx_it.o
                0x0000000008000744                TIM4_IRQHandler
 .text._sbrk    0x0000000008000758       0x6c ./Core/Src/sysmem.o
                0x0000000008000758                _sbrk
 .text.SystemInit
                0x00000000080007c4        0xc ./Core/Src/system_stm32f1xx.o
                0x00000000080007c4                SystemInit
 .text.Reset_Handler
                0x00000000080007d0       0x48 ./Core/Startup/startup_stm32f103rctx.o
                0x00000000080007d0                Reset_Handler
 .text.Default_Handler
                0x0000000008000818        0x2 ./Core/Startup/startup_stm32f103rctx.o
                0x0000000008000818                RTC_Alarm_IRQHandler
                0x0000000008000818                EXTI2_IRQHandler
                0x0000000008000818                TIM8_TRG_COM_IRQHandler
                0x0000000008000818                TIM8_CC_IRQHandler
                0x0000000008000818                TIM1_CC_IRQHandler
                0x0000000008000818                TIM6_IRQHandler
                0x0000000008000818                PVD_IRQHandler
                0x0000000008000818                SDIO_IRQHandler
                0x0000000008000818                EXTI3_IRQHandler
                0x0000000008000818                EXTI0_IRQHandler
                0x0000000008000818                I2C2_EV_IRQHandler
                0x0000000008000818                ADC1_2_IRQHandler
                0x0000000008000818                SPI1_IRQHandler
                0x0000000008000818                TAMPER_IRQHandler
                0x0000000008000818                TIM8_UP_IRQHandler
                0x0000000008000818                DMA2_Channel2_IRQHandler
                0x0000000008000818                DMA1_Channel4_IRQHandler
                0x0000000008000818                USART3_IRQHandler
                0x0000000008000818                RTC_IRQHandler
                0x0000000008000818                DMA1_Channel7_IRQHandler
                0x0000000008000818                CAN1_RX1_IRQHandler
                0x0000000008000818                UART5_IRQHandler
                0x0000000008000818                ADC3_IRQHandler
                0x0000000008000818                DMA2_Channel1_IRQHandler
                0x0000000008000818                I2C1_EV_IRQHandler
                0x0000000008000818                DMA1_Channel6_IRQHandler
                0x0000000008000818                UART4_IRQHandler
                0x0000000008000818                TIM3_IRQHandler
                0x0000000008000818                RCC_IRQHandler
                0x0000000008000818                TIM1_TRG_COM_IRQHandler
                0x0000000008000818                DMA1_Channel1_IRQHandler
                0x0000000008000818                Default_Handler
                0x0000000008000818                EXTI15_10_IRQHandler
                0x0000000008000818                TIM7_IRQHandler
                0x0000000008000818                TIM5_IRQHandler
                0x0000000008000818                EXTI9_5_IRQHandler
                0x0000000008000818                SPI2_IRQHandler
                0x0000000008000818                DMA1_Channel5_IRQHandler
                0x0000000008000818                EXTI4_IRQHandler
                0x0000000008000818                USB_LP_CAN1_RX0_IRQHandler
                0x0000000008000818                USB_HP_CAN1_TX_IRQHandler
                0x0000000008000818                DMA1_Channel3_IRQHandler
                0x0000000008000818                FSMC_IRQHandler
                0x0000000008000818                TIM1_UP_IRQHandler
                0x0000000008000818                WWDG_IRQHandler
                0x0000000008000818                TIM2_IRQHandler
                0x0000000008000818                TIM1_BRK_IRQHandler
                0x0000000008000818                EXTI1_IRQHandler
                0x0000000008000818                DMA2_Channel4_5_IRQHandler
                0x0000000008000818                USART2_IRQHandler
                0x0000000008000818                I2C2_ER_IRQHandler
                0x0000000008000818                DMA1_Channel2_IRQHandler
                0x0000000008000818                TIM8_BRK_IRQHandler
                0x0000000008000818                CAN1_SCE_IRQHandler
                0x0000000008000818                FLASH_IRQHandler
                0x0000000008000818                USART1_IRQHandler
                0x0000000008000818                SPI3_IRQHandler
                0x0000000008000818                I2C1_ER_IRQHandler
                0x0000000008000818                USBWakeUp_IRQHandler
                0x0000000008000818                DMA2_Channel3_IRQHandler
 *fill*         0x000000000800081a        0x2 
 .text.HAL_Init
                0x000000000800081c       0x2c ./Drivers/STM32F1xx_HAL_Driver/Src/stm32f1xx_hal.o
                0x000000000800081c                HAL_Init
 .text.HAL_IncTick
                0x0000000008000848       0x24 ./Drivers/STM32F1xx_HAL_Driver/Src/stm32f1xx_hal.o
                0x0000000008000848                HAL_IncTick
 .text.HAL_GetTick
                0x000000000800086c       0x14 ./Drivers/STM32F1xx_HAL_Driver/Src/stm32f1xx_hal.o
                0x000000000800086c                HAL_GetTick
 .text.__NVIC_SetPriorityGrouping
                0x0000000008000880       0x48 ./Drivers/STM32F1xx_HAL_Driver/Src/stm32f1xx_hal_cortex.o
 .text.__NVIC_GetPriorityGrouping
                0x00000000080008c8       0x1c ./Drivers/STM32F1xx_HAL_Driver/Src/stm32f1xx_hal_cortex.o
 .text.__NVIC_EnableIRQ
                0x00000000080008e4       0x38 ./Drivers/STM32F1xx_HAL_Driver/Src/stm32f1xx_hal_cortex.o
 .text.__NVIC_SetPriority
                0x000000000800091c       0x54 ./Drivers/STM32F1xx_HAL_Driver/Src/stm32f1xx_hal_cortex.o
 .text.NVIC_EncodePriority
                0x0000000008000970       0x64 ./Drivers/STM32F1xx_HAL_Driver/Src/stm32f1xx_hal_cortex.o
 .text.HAL_NVIC_SetPriorityGrouping
                0x00000000080009d4       0x16 ./Drivers/STM32F1xx_HAL_Driver/Src/stm32f1xx_hal_cortex.o
                0x00000000080009d4                HAL_NVIC_SetPriorityGrouping
 .text.HAL_NVIC_SetPriority
                0x00000000080009ea       0x38 ./Drivers/STM32F1xx_HAL_Driver/Src/stm32f1xx_hal_cortex.o
                0x00000000080009ea                HAL_NVIC_SetPriority
 .text.HAL_NVIC_EnableIRQ
                0x0000000008000a22       0x1c ./Drivers/STM32F1xx_HAL_Driver/Src/stm32f1xx_hal_cortex.o
                0x0000000008000a22                HAL_NVIC_EnableIRQ
 *fill*         0x0000000008000a3e        0x2 
 .text.HAL_GPIO_Init
                0x0000000008000a40      0x328 ./Drivers/STM32F1xx_HAL_Driver/Src/stm32f1xx_hal_gpio.o
                0x0000000008000a40                HAL_GPIO_Init
 .text.HAL_RCC_OscConfig
                0x0000000008000d68      0x500 ./Drivers/STM32F1xx_HAL_Driver/Src/stm32f1xx_hal_rcc.o
                0x0000000008000d68                HAL_RCC_OscConfig
 .text.HAL_RCC_ClockConfig
                0x0000000008001268      0x1d4 ./Drivers/STM32F1xx_HAL_Driver/Src/stm32f1xx_hal_rcc.o
                0x0000000008001268                HAL_RCC_ClockConfig
 .text.HAL_RCC_GetSysClockFreq
                0x000000000800143c       0xa8 ./Drivers/STM32F1xx_HAL_Driver/Src/stm32f1xx_hal_rcc.o
                0x000000000800143c                HAL_RCC_GetSysClockFreq
 .text.HAL_RCC_GetHCLKFreq
                0x00000000080014e4       0x14 ./Drivers/STM32F1xx_HAL_Driver/Src/stm32f1xx_hal_rcc.o
                0x00000000080014e4                HAL_RCC_GetHCLKFreq
 .text.HAL_RCC_GetPCLK1Freq
                0x00000000080014f8       0x28 ./Drivers/STM32F1xx_HAL_Driver/Src/stm32f1xx_hal_rcc.o
                0x00000000080014f8                HAL_RCC_GetPCLK1Freq
 .text.HAL_RCC_GetPCLK2Freq
                0x0000000008001520       0x28 ./Drivers/STM32F1xx_HAL_Driver/Src/stm32f1xx_hal_rcc.o
                0x0000000008001520                HAL_RCC_GetPCLK2Freq
 .text.HAL_RCC_GetClockConfig
                0x0000000008001548       0x60 ./Drivers/STM32F1xx_HAL_Driver/Src/stm32f1xx_hal_rcc.o
                0x0000000008001548                HAL_RCC_GetClockConfig
 .text.RCC_Delay
                0x00000000080015a8       0x3c ./Drivers/STM32F1xx_HAL_Driver/Src/stm32f1xx_hal_rcc.o
 .text.HAL_TIM_Base_Init
                0x00000000080015e4       0x9e ./Drivers/STM32F1xx_HAL_Driver/Src/stm32f1xx_hal_tim.o
                0x00000000080015e4                HAL_TIM_Base_Init
 .text.HAL_TIM_Base_MspInit
                0x0000000008001682       0x12 ./Drivers/STM32F1xx_HAL_Driver/Src/stm32f1xx_hal_tim.o
                0x0000000008001682                HAL_TIM_Base_MspInit
 .text.HAL_TIM_Base_Start_IT
                0x0000000008001694       0xc0 ./Drivers/STM32F1xx_HAL_Driver/Src/stm32f1xx_hal_tim.o
                0x0000000008001694                HAL_TIM_Base_Start_IT
 .text.HAL_TIM_IRQHandler
                0x0000000008001754      0x1e0 ./Drivers/STM32F1xx_HAL_Driver/Src/stm32f1xx_hal_tim.o
                0x0000000008001754                HAL_TIM_IRQHandler
 .text.HAL_TIM_OC_DelayElapsedCallback
                0x0000000008001934       0x12 ./Drivers/STM32F1xx_HAL_Driver/Src/stm32f1xx_hal_tim.o
                0x0000000008001934                HAL_TIM_OC_DelayElapsedCallback
 .text.HAL_TIM_IC_CaptureCallback
                0x0000000008001946       0x12 ./Drivers/STM32F1xx_HAL_Driver/Src/stm32f1xx_hal_tim.o
                0x0000000008001946                HAL_TIM_IC_CaptureCallback
 .text.HAL_TIM_PWM_PulseFinishedCallback
                0x0000000008001958       0x12 ./Drivers/STM32F1xx_HAL_Driver/Src/stm32f1xx_hal_tim.o
                0x0000000008001958                HAL_TIM_PWM_PulseFinishedCallback
 .text.HAL_TIM_TriggerCallback
                0x000000000800196a       0x12 ./Drivers/STM32F1xx_HAL_Driver/Src/stm32f1xx_hal_tim.o
                0x000000000800196a                HAL_TIM_TriggerCallback
 .text.TIM_Base_SetConfig
                0x000000000800197c      0x10c ./Drivers/STM32F1xx_HAL_Driver/Src/stm32f1xx_hal_tim.o
                0x000000000800197c                TIM_Base_SetConfig
 .text.HAL_TIMEx_CommutCallback
                0x0000000008001a88       0x12 ./Drivers/STM32F1xx_HAL_Driver/Src/stm32f1xx_hal_tim_ex.o
                0x0000000008001a88                HAL_TIMEx_CommutCallback
 .text.HAL_TIMEx_BreakCallback
                0x0000000008001a9a       0x12 ./Drivers/STM32F1xx_HAL_Driver/Src/stm32f1xx_hal_tim_ex.o
                0x0000000008001a9a                HAL_TIMEx_BreakCallback
 .text.HAL_UART_Init
                0x0000000008001aac       0xa0 ./Drivers/STM32F1xx_HAL_Driver/Src/stm32f1xx_hal_uart.o
                0x0000000008001aac                HAL_UART_Init
 .text.HAL_UART_Transmit
                0x0000000008001b4c      0x116 ./Drivers/STM32F1xx_HAL_Driver/Src/stm32f1xx_hal_uart.o
                0x0000000008001b4c                HAL_UART_Transmit
 .text.UART_WaitOnFlagUntilTimeout
                0x0000000008001c62       0xb2 ./Drivers/STM32F1xx_HAL_Driver/Src/stm32f1xx_hal_uart.o
 .text.UART_EndRxTransfer
                0x0000000008001d14       0xc4 ./Drivers/STM32F1xx_HAL_Driver/Src/stm32f1xx_hal_uart.o
 .text.UART_SetConfig
                0x0000000008001dd8      0x11c ./Drivers/STM32F1xx_HAL_Driver/Src/stm32f1xx_hal_uart.o
 .text.makeFreeRtosPriority
                0x0000000008001ef4       0x2e ./Middlewares/Third_Party/FreeRTOS/Source/CMSIS_RTOS/cmsis_os.o
 .text.inHandlerMode
                0x0000000008001f22       0x22 ./Middlewares/Third_Party/FreeRTOS/Source/CMSIS_RTOS/cmsis_os.o
 .text.osKernelStart
                0x0000000008001f44        0xe ./Middlewares/Third_Party/FreeRTOS/Source/CMSIS_RTOS/cmsis_os.o
                0x0000000008001f44                osKernelStart
 .text.osThreadCreate
                0x0000000008001f52       0x98 ./Middlewares/Third_Party/FreeRTOS/Source/CMSIS_RTOS/cmsis_os.o
                0x0000000008001f52                osThreadCreate
 .text.osDelay  0x0000000008001fea       0x28 ./Middlewares/Third_Party/FreeRTOS/Source/CMSIS_RTOS/cmsis_os.o
                0x0000000008001fea                osDelay
 .text.osPoolCreate
                0x0000000008002012       0xba ./Middlewares/Third_Party/FreeRTOS/Source/CMSIS_RTOS/cmsis_os.o
                0x0000000008002012                osPoolCreate
 .text.osPoolAlloc
                0x00000000080020cc       0xc4 ./Middlewares/Third_Party/FreeRTOS/Source/CMSIS_RTOS/cmsis_os.o
                0x00000000080020cc                osPoolAlloc
 .text.osMailCreate
                0x0000000008002190       0xb0 ./Middlewares/Third_Party/FreeRTOS/Source/CMSIS_RTOS/cmsis_os.o
                0x0000000008002190                osMailCreate
 .text.osMailAlloc
                0x0000000008002240       0x2a ./Middlewares/Third_Party/FreeRTOS/Source/CMSIS_RTOS/cmsis_os.o
                0x0000000008002240                osMailAlloc
 *fill*         0x000000000800226a        0x2 
 .text.osMailPut
                0x000000000800226c       0x7c ./Middlewares/Third_Party/FreeRTOS/Source/CMSIS_RTOS/cmsis_os.o
                0x000000000800226c                osMailPut
 .text.osMailGet
                0x00000000080022e8       0xe8 ./Middlewares/Third_Party/FreeRTOS/Source/CMSIS_RTOS/cmsis_os.o
                0x00000000080022e8                osMailGet
 .text.vListInitialise
                0x00000000080023d0       0x3e ./Middlewares/Third_Party/FreeRTOS/Source/list.o
                0x00000000080023d0                vListInitialise
 .text.vListInitialiseItem
                0x000000000800240e       0x18 ./Middlewares/Third_Party/FreeRTOS/Source/list.o
                0x000000000800240e                vListInitialiseItem
 .text.vListInsertEnd
                0x0000000008002426       0x46 ./Middlewares/Third_Party/FreeRTOS/Source/list.o
                0x0000000008002426                vListInsertEnd
 .text.vListInsert
                0x000000000800246c       0x70 ./Middlewares/Third_Party/FreeRTOS/Source/list.o
                0x000000000800246c                vListInsert
 .text.uxListRemove
                0x00000000080024dc       0x52 ./Middlewares/Third_Party/FreeRTOS/Source/list.o
                0x00000000080024dc                uxListRemove
 *fill*         0x000000000800252e        0x2 
 .text.xQueueGenericReset
                0x0000000008002530       0xd0 ./Middlewares/Third_Party/FreeRTOS/Source/queue.o
                0x0000000008002530                xQueueGenericReset
 .text.xQueueGenericCreate
                0x0000000008002600       0x74 ./Middlewares/Third_Party/FreeRTOS/Source/queue.o
                0x0000000008002600                xQueueGenericCreate
 .text.prvInitialiseNewQueue
                0x0000000008002674       0x3e ./Middlewares/Third_Party/FreeRTOS/Source/queue.o
 *fill*         0x00000000080026b2        0x2 
 .text.xQueueGenericSend
                0x00000000080026b4      0x1fc ./Middlewares/Third_Party/FreeRTOS/Source/queue.o
                0x00000000080026b4                xQueueGenericSend
 .text.xQueueGenericSendFromISR
                0x00000000080028b0      0x136 ./Middlewares/Third_Party/FreeRTOS/Source/queue.o
                0x00000000080028b0                xQueueGenericSendFromISR
 *fill*         0x00000000080029e6        0x2 
 .text.xQueueReceive
                0x00000000080029e8      0x1c0 ./Middlewares/Third_Party/FreeRTOS/Source/queue.o
                0x00000000080029e8                xQueueReceive
 .text.xQueueReceiveFromISR
                0x0000000008002ba8      0x100 ./Middlewares/Third_Party/FreeRTOS/Source/queue.o
                0x0000000008002ba8                xQueueReceiveFromISR
 .text.prvCopyDataToQueue
                0x0000000008002ca8       0xd4 ./Middlewares/Third_Party/FreeRTOS/Source/queue.o
 .text.prvCopyDataFromQueue
                0x0000000008002d7c       0x4c ./Middlewares/Third_Party/FreeRTOS/Source/queue.o
 .text.prvUnlockQueue
                0x0000000008002dc8       0xa4 ./Middlewares/Third_Party/FreeRTOS/Source/queue.o
 .text.prvIsQueueEmpty
                0x0000000008002e6c       0x2c ./Middlewares/Third_Party/FreeRTOS/Source/queue.o
 .text.prvIsQueueFull
                0x0000000008002e98       0x30 ./Middlewares/Third_Party/FreeRTOS/Source/queue.o
 .text.xTaskCreateStatic
                0x0000000008002ec8       0xba ./Middlewares/Third_Party/FreeRTOS/Source/tasks.o
                0x0000000008002ec8                xTaskCreateStatic
 .text.xTaskCreate
                0x0000000008002f82       0x8a ./Middlewares/Third_Party/FreeRTOS/Source/tasks.o
                0x0000000008002f82                xTaskCreate
 .text.prvInitialiseNewTask
                0x000000000800300c      0x10e ./Middlewares/Third_Party/FreeRTOS/Source/tasks.o
 *fill*         0x000000000800311a        0x2 
 .text.prvAddNewTaskToReadyList
                0x000000000800311c       0xd4 ./Middlewares/Third_Party/FreeRTOS/Source/tasks.o
 .text.vTaskDelay
                0x00000000080031f0       0x68 ./Middlewares/Third_Party/FreeRTOS/Source/tasks.o
                0x00000000080031f0                vTaskDelay
 .text.vTaskStartScheduler
                0x0000000008003258       0xc0 ./Middlewares/Third_Party/FreeRTOS/Source/tasks.o
                0x0000000008003258                vTaskStartScheduler
 .text.vTaskSuspendAll
                0x0000000008003318       0x1c ./Middlewares/Third_Party/FreeRTOS/Source/tasks.o
                0x0000000008003318                vTaskSuspendAll
 .text.xTaskResumeAll
                0x0000000008003334      0x138 ./Middlewares/Third_Party/FreeRTOS/Source/tasks.o
                0x0000000008003334                xTaskResumeAll
 .text.xTaskIncrementTick
                0x000000000800346c      0x170 ./Middlewares/Third_Party/FreeRTOS/Source/tasks.o
                0x000000000800346c                xTaskIncrementTick
 .text.vTaskSwitchContext
                0x00000000080035dc       0xb4 ./Middlewares/Third_Party/FreeRTOS/Source/tasks.o
                0x00000000080035dc                vTaskSwitchContext
 .text.vTaskPlaceOnEventList
                0x0000000008003690       0x48 ./Middlewares/Third_Party/FreeRTOS/Source/tasks.o
                0x0000000008003690                vTaskPlaceOnEventList
 .text.xTaskRemoveFromEventList
                0x00000000080036d8       0xc4 ./Middlewares/Third_Party/FreeRTOS/Source/tasks.o
                0x00000000080036d8                xTaskRemoveFromEventList
 .text.vTaskInternalSetTimeOutState
                0x000000000800379c       0x2c ./Middlewares/Third_Party/FreeRTOS/Source/tasks.o
                0x000000000800379c                vTaskInternalSetTimeOutState
 .text.xTaskCheckForTimeOut
                0x00000000080037c8       0xc4 ./Middlewares/Third_Party/FreeRTOS/Source/tasks.o
                0x00000000080037c8                xTaskCheckForTimeOut
 .text.vTaskMissedYield
                0x000000000800388c       0x18 ./Middlewares/Third_Party/FreeRTOS/Source/tasks.o
                0x000000000800388c                vTaskMissedYield
 .text.prvIdleTask
                0x00000000080038a4       0x30 ./Middlewares/Third_Party/FreeRTOS/Source/tasks.o
 .text.prvInitialiseTaskLists
                0x00000000080038d4       0x80 ./Middlewares/Third_Party/FreeRTOS/Source/tasks.o
 .text.prvCheckTasksWaitingTermination
                0x0000000008003954       0x5c ./Middlewares/Third_Party/FreeRTOS/Source/tasks.o
 .text.prvDeleteTCB
                0x00000000080039b0       0x5e ./Middlewares/Third_Party/FreeRTOS/Source/tasks.o
 *fill*         0x0000000008003a0e        0x2 
 .text.prvResetNextTaskUnblockTime
                0x0000000008003a10       0x40 ./Middlewares/Third_Party/FreeRTOS/Source/tasks.o
 .text.xTaskGetSchedulerState
                0x0000000008003a50       0x3c ./Middlewares/Third_Party/FreeRTOS/Source/tasks.o
                0x0000000008003a50                xTaskGetSchedulerState
 .text.xTaskPriorityDisinherit
                0x0000000008003a8c      0x10c ./Middlewares/Third_Party/FreeRTOS/Source/tasks.o
                0x0000000008003a8c                xTaskPriorityDisinherit
 .text.prvAddCurrentTaskToDelayedList
                0x0000000008003b98       0xcc ./Middlewares/Third_Party/FreeRTOS/Source/tasks.o
 .text.pxPortInitialiseStack
                0x0000000008003c64       0x58 ./Middlewares/Third_Party/FreeRTOS/Source/portable/GCC/ARM_CM3/port.o
                0x0000000008003c64                pxPortInitialiseStack
 .text.prvTaskExitError
                0x0000000008003cbc       0x58 ./Middlewares/Third_Party/FreeRTOS/Source/portable/GCC/ARM_CM3/port.o
 *fill*         0x0000000008003d14        0xc 
 .text.SVC_Handler
                0x0000000008003d20       0x28 ./Middlewares/Third_Party/FreeRTOS/Source/portable/GCC/ARM_CM3/port.o
                0x0000000008003d20                SVC_Handler
 .text.prvPortStartFirstTask
                0x0000000008003d48       0x20 ./Middlewares/Third_Party/FreeRTOS/Source/portable/GCC/ARM_CM3/port.o
 .text.xPortStartScheduler
                0x0000000008003d68       0xe4 ./Middlewares/Third_Party/FreeRTOS/Source/portable/GCC/ARM_CM3/port.o
                0x0000000008003d68                xPortStartScheduler
 .text.vPortEnterCritical
                0x0000000008003e4c       0x60 ./Middlewares/Third_Party/FreeRTOS/Source/portable/GCC/ARM_CM3/port.o
                0x0000000008003e4c                vPortEnterCritical
 .text.vPortExitCritical
                0x0000000008003eac       0x50 ./Middlewares/Third_Party/FreeRTOS/Source/portable/GCC/ARM_CM3/port.o
                0x0000000008003eac                vPortExitCritical
 *fill*         0x0000000008003efc        0x4 
 .text.PendSV_Handler
                0x0000000008003f00       0x48 ./Middlewares/Third_Party/FreeRTOS/Source/portable/GCC/ARM_CM3/port.o
                0x0000000008003f00                PendSV_Handler
 .text.SysTick_Handler
                0x0000000008003f48       0x44 ./Middlewares/Third_Party/FreeRTOS/Source/portable/GCC/ARM_CM3/port.o
                0x0000000008003f48                SysTick_Handler
 .text.vPortSetupTimerInterrupt
                0x0000000008003f8c       0x44 ./Middlewares/Third_Party/FreeRTOS/Source/portable/GCC/ARM_CM3/port.o
                0x0000000008003f8c                vPortSetupTimerInterrupt
 .text.vPortValidateInterruptPriority
                0x0000000008003fd0       0x7c ./Middlewares/Third_Party/FreeRTOS/Source/portable/GCC/ARM_CM3/port.o
                0x0000000008003fd0                vPortValidateInterruptPriority
 .text.pvPortMalloc
                0x000000000800404c      0x198 ./Middlewares/Third_Party/FreeRTOS/Source/portable/MemMang/heap_4.o
                0x000000000800404c                pvPortMalloc
 .text.vPortFree
                0x00000000080041e4       0xc4 ./Middlewares/Third_Party/FreeRTOS/Source/portable/MemMang/heap_4.o
                0x00000000080041e4                vPortFree
 .text.prvHeapInit
                0x00000000080042a8       0xc4 ./Middlewares/Third_Party/FreeRTOS/Source/portable/MemMang/heap_4.o
 .text.prvInsertBlockIntoFreeList
                0x000000000800436c       0xb0 ./Middlewares/Third_Party/FreeRTOS/Source/portable/MemMang/heap_4.o
 .text.__errno  0x000000000800441c        0xc c:/st/stm32cubeide_1.7.0/stm32cubeide/plugins/com.st.stm32cube.ide.mcu.externaltools.gnu-tools-for-stm32.9-2020-q2-update.win32_2.0.0.202105311346/tools/bin/../lib/gcc/arm-none-eabi/9.3.1/../../../../arm-none-eabi/lib/thumb/v7-m/nofp\libc_nano.a(lib_a-errno.o)
                0x000000000800441c                __errno
 .text.__libc_init_array
                0x0000000008004428       0x48 c:/st/stm32cubeide_1.7.0/stm32cubeide/plugins/com.st.stm32cube.ide.mcu.externaltools.gnu-tools-for-stm32.9-2020-q2-update.win32_2.0.0.202105311346/tools/bin/../lib/gcc/arm-none-eabi/9.3.1/../../../../arm-none-eabi/lib/thumb/v7-m/nofp\libc_nano.a(lib_a-init.o)
                0x0000000008004428                __libc_init_array
 .text.memcpy   0x0000000008004470       0x1c c:/st/stm32cubeide_1.7.0/stm32cubeide/plugins/com.st.stm32cube.ide.mcu.externaltools.gnu-tools-for-stm32.9-2020-q2-update.win32_2.0.0.202105311346/tools/bin/../lib/gcc/arm-none-eabi/9.3.1/../../../../arm-none-eabi/lib/thumb/v7-m/nofp\libc_nano.a(lib_a-memcpy-stub.o)
                0x0000000008004470                memcpy
 .text.memset   0x000000000800448c       0x10 c:/st/stm32cubeide_1.7.0/stm32cubeide/plugins/com.st.stm32cube.ide.mcu.externaltools.gnu-tools-for-stm32.9-2020-q2-update.win32_2.0.0.202105311346/tools/bin/../lib/gcc/arm-none-eabi/9.3.1/../../../../arm-none-eabi/lib/thumb/v7-m/nofp\libc_nano.a(lib_a-memset.o)
                0x000000000800448c                memset
 .text._vsnprintf_r
                0x000000000800449c       0x58 c:/st/stm32cubeide_1.7.0/stm32cubeide/plugins/com.st.stm32cube.ide.mcu.externaltools.gnu-tools-for-stm32.9-2020-q2-update.win32_2.0.0.202105311346/tools/bin/../lib/gcc/arm-none-eabi/9.3.1/../../../../arm-none-eabi/lib/thumb/v7-m/nofp\libc_nano.a(lib_a-vsnprintf.o)
                0x000000000800449c                _vsniprintf_r
                0x000000000800449c                _vsnprintf_r
 .text.vsnprintf
                0x00000000080044f4       0x1c c:/st/stm32cubeide_1.7.0/stm32cubeide/plugins/com.st.stm32cube.ide.mcu.externaltools.gnu-tools-for-stm32.9-2020-q2-update.win32_2.0.0.202105311346/tools/bin/../lib/gcc/arm-none-eabi/9.3.1/../../../../arm-none-eabi/lib/thumb/v7-m/nofp\libc_nano.a(lib_a-vsnprintf.o)
                0x00000000080044f4                vsniprintf
                0x00000000080044f4                vsnprintf
 .text.__ssputs_r
                0x0000000008004510       0xb6 c:/st/stm32cubeide_1.7.0/stm32cubeide/plugins/com.st.stm32cube.ide.mcu.externaltools.gnu-tools-for-stm32.9-2020-q2-update.win32_2.0.0.202105311346/tools/bin/../lib/gcc/arm-none-eabi/9.3.1/../../../../arm-none-eabi/lib/thumb/v7-m/nofp\libc_nano.a(lib_a-nano-svfprintf.o)
                0x0000000008004510                __ssputs_r
 *fill*         0x00000000080045c6        0x2 
 .text._svfprintf_r
                0x00000000080045c8      0x200 c:/st/stm32cubeide_1.7.0/stm32cubeide/plugins/com.st.stm32cube.ide.mcu.externaltools.gnu-tools-for-stm32.9-2020-q2-update.win32_2.0.0.202105311346/tools/bin/../lib/gcc/arm-none-eabi/9.3.1/../../../../arm-none-eabi/lib/thumb/v7-m/nofp\libc_nano.a(lib_a-nano-svfprintf.o)
                0x00000000080045c8                _svfiprintf_r
                0x00000000080045c8                _svfprintf_r
 .text._printf_common
                0x00000000080047c8       0xde c:/st/stm32cubeide_1.7.0/stm32cubeide/plugins/com.st.stm32cube.ide.mcu.externaltools.gnu-tools-for-stm32.9-2020-q2-update.win32_2.0.0.202105311346/tools/bin/../lib/gcc/arm-none-eabi/9.3.1/../../../../arm-none-eabi/lib/thumb/v7-m/nofp\libc_nano.a(lib_a-nano-vfprintf_i.o)
                0x00000000080047c8                _printf_common
 *fill*         0x00000000080048a6        0x2 
 .text._printf_i
                0x00000000080048a8      0x24c c:/st/stm32cubeide_1.7.0/stm32cubeide/plugins/com.st.stm32cube.ide.mcu.externaltools.gnu-tools-for-stm32.9-2020-q2-update.win32_2.0.0.202105311346/tools/bin/../lib/gcc/arm-none-eabi/9.3.1/../../../../arm-none-eabi/lib/thumb/v7-m/nofp\libc_nano.a(lib_a-nano-vfprintf_i.o)
                0x00000000080048a8                _printf_i
 .text.memchr   0x0000000008004af4       0x1c c:/st/stm32cubeide_1.7.0/stm32cubeide/plugins/com.st.stm32cube.ide.mcu.externaltools.gnu-tools-for-stm32.9-2020-q2-update.win32_2.0.0.202105311346/tools/bin/../lib/gcc/arm-none-eabi/9.3.1/../../../../arm-none-eabi/lib/thumb/v7-m/nofp\libc_nano.a(lib_a-memchr-stub.o)
                0x0000000008004af4                memchr
 .text.memmove  0x0000000008004b10       0x34 c:/st/stm32cubeide_1.7.0/stm32cubeide/plugins/com.st.stm32cube.ide.mcu.externaltools.gnu-tools-for-stm32.9-2020-q2-update.win32_2.0.0.202105311346/tools/bin/../lib/gcc/arm-none-eabi/9.3.1/../../../../arm-none-eabi/lib/thumb/v7-m/nofp\libc_nano.a(lib_a-memmove.o)
                0x0000000008004b10                memmove
 .text._free_r  0x0000000008004b44       0x98 c:/st/stm32cubeide_1.7.0/stm32cubeide/plugins/com.st.stm32cube.ide.mcu.externaltools.gnu-tools-for-stm32.9-2020-q2-update.win32_2.0.0.202105311346/tools/bin/../lib/gcc/arm-none-eabi/9.3.1/../../../../arm-none-eabi/lib/thumb/v7-m/nofp\libc_nano.a(lib_a-nano-freer.o)
                0x0000000008004b44                _free_r
 .text._malloc_r
                0x0000000008004bdc       0xb4 c:/st/stm32cubeide_1.7.0/stm32cubeide/plugins/com.st.stm32cube.ide.mcu.externaltools.gnu-tools-for-stm32.9-2020-q2-update.win32_2.0.0.202105311346/tools/bin/../lib/gcc/arm-none-eabi/9.3.1/../../../../arm-none-eabi/lib/thumb/v7-m/nofp\libc_nano.a(lib_a-nano-mallocr.o)
                0x0000000008004bdc                _malloc_r
 .text._realloc_r
                0x0000000008004c90       0x4c c:/st/stm32cubeide_1.7.0/stm32cubeide/plugins/com.st.stm32cube.ide.mcu.externaltools.gnu-tools-for-stm32.9-2020-q2-update.win32_2.0.0.202105311346/tools/bin/../lib/gcc/arm-none-eabi/9.3.1/../../../../arm-none-eabi/lib/thumb/v7-m/nofp\libc_nano.a(lib_a-nano-reallocr.o)
                0x0000000008004c90                _realloc_r
 .text._sbrk_r  0x0000000008004cdc       0x20 c:/st/stm32cubeide_1.7.0/stm32cubeide/plugins/com.st.stm32cube.ide.mcu.externaltools.gnu-tools-for-stm32.9-2020-q2-update.win32_2.0.0.202105311346/tools/bin/../lib/gcc/arm-none-eabi/9.3.1/../../../../arm-none-eabi/lib/thumb/v7-m/nofp\libc_nano.a(lib_a-sbrkr.o)
                0x0000000008004cdc                _sbrk_r
 .text.__malloc_lock
                0x0000000008004cfc        0xc c:/st/stm32cubeide_1.7.0/stm32cubeide/plugins/com.st.stm32cube.ide.mcu.externaltools.gnu-tools-for-stm32.9-2020-q2-update.win32_2.0.0.202105311346/tools/bin/../lib/gcc/arm-none-eabi/9.3.1/../../../../arm-none-eabi/lib/thumb/v7-m/nofp\libc_nano.a(lib_a-mlock.o)
                0x0000000008004cfc                __malloc_lock
 .text.__malloc_unlock
                0x0000000008004d08        0xc c:/st/stm32cubeide_1.7.0/stm32cubeide/plugins/com.st.stm32cube.ide.mcu.externaltools.gnu-tools-for-stm32.9-2020-q2-update.win32_2.0.0.202105311346/tools/bin/../lib/gcc/arm-none-eabi/9.3.1/../../../../arm-none-eabi/lib/thumb/v7-m/nofp\libc_nano.a(lib_a-mlock.o)
                0x0000000008004d08                __malloc_unlock
 .text._malloc_usable_size_r
                0x0000000008004d14       0x10 c:/st/stm32cubeide_1.7.0/stm32cubeide/plugins/com.st.stm32cube.ide.mcu.externaltools.gnu-tools-for-stm32.9-2020-q2-update.win32_2.0.0.202105311346/tools/bin/../lib/gcc/arm-none-eabi/9.3.1/../../../../arm-none-eabi/lib/thumb/v7-m/nofp\libc_nano.a(lib_a-nano-msizer.o)
                0x0000000008004d14                _malloc_usable_size_r
 .text.__retarget_lock_acquire_recursive
                0x0000000008004d24        0x2 c:/st/stm32cubeide_1.7.0/stm32cubeide/plugins/com.st.stm32cube.ide.mcu.externaltools.gnu-tools-for-stm32.9-2020-q2-update.win32_2.0.0.202105311346/tools/bin/../lib/gcc/arm-none-eabi/9.3.1/../../../../arm-none-eabi/lib/thumb/v7-m/nofp\libc_nano.a(lib_a-lock.o)
                0x0000000008004d24                __retarget_lock_acquire_recursive
 .text.__retarget_lock_release_recursive
                0x0000000008004d26        0x2 c:/st/stm32cubeide_1.7.0/stm32cubeide/plugins/com.st.stm32cube.ide.mcu.externaltools.gnu-tools-for-stm32.9-2020-q2-update.win32_2.0.0.202105311346/tools/bin/../lib/gcc/arm-none-eabi/9.3.1/../../../../arm-none-eabi/lib/thumb/v7-m/nofp\libc_nano.a(lib_a-lock.o)
                0x0000000008004d26                __retarget_lock_release_recursive
 *(.glue_7)
 .glue_7        0x0000000008004d28        0x0 linker stubs
 *(.glue_7t)
 .glue_7t       0x0000000008004d28        0x0 linker stubs
 *(.eh_frame)
 .eh_frame      0x0000000008004d28        0x0 c:/st/stm32cubeide_1.7.0/stm32cubeide/plugins/com.st.stm32cube.ide.mcu.externaltools.gnu-tools-for-stm32.9-2020-q2-update.win32_2.0.0.202105311346/tools/bin/../lib/gcc/arm-none-eabi/9.3.1/thumb/v7-m/nofp/crtbegin.o
 *(.init)
 .init          0x0000000008004d28        0x4 c:/st/stm32cubeide_1.7.0/stm32cubeide/plugins/com.st.stm32cube.ide.mcu.externaltools.gnu-tools-for-stm32.9-2020-q2-update.win32_2.0.0.202105311346/tools/bin/../lib/gcc/arm-none-eabi/9.3.1/thumb/v7-m/nofp/crti.o
                0x0000000008004d28                _init
 .init          0x0000000008004d2c        0x8 c:/st/stm32cubeide_1.7.0/stm32cubeide/plugins/com.st.stm32cube.ide.mcu.externaltools.gnu-tools-for-stm32.9-2020-q2-update.win32_2.0.0.202105311346/tools/bin/../lib/gcc/arm-none-eabi/9.3.1/thumb/v7-m/nofp/crtn.o
 *(.fini)
 .fini          0x0000000008004d34        0x4 c:/st/stm32cubeide_1.7.0/stm32cubeide/plugins/com.st.stm32cube.ide.mcu.externaltools.gnu-tools-for-stm32.9-2020-q2-update.win32_2.0.0.202105311346/tools/bin/../lib/gcc/arm-none-eabi/9.3.1/thumb/v7-m/nofp/crti.o
                0x0000000008004d34                _fini
 .fini          0x0000000008004d38        0x8 c:/st/stm32cubeide_1.7.0/stm32cubeide/plugins/com.st.stm32cube.ide.mcu.externaltools.gnu-tools-for-stm32.9-2020-q2-update.win32_2.0.0.202105311346/tools/bin/../lib/gcc/arm-none-eabi/9.3.1/thumb/v7-m/nofp/crtn.o
                0x0000000008004d40                . = ALIGN (0x4)
                0x0000000008004d40                _etext = .

.vfp11_veneer   0x0000000008004d40        0x0
 .vfp11_veneer  0x0000000008004d40        0x0 linker stubs

.v4_bx          0x0000000008004d40        0x0
 .v4_bx         0x0000000008004d40        0x0 linker stubs

.iplt           0x0000000008004d40        0x0
 .iplt          0x0000000008004d40        0x0 c:/st/stm32cubeide_1.7.0/stm32cubeide/plugins/com.st.stm32cube.ide.mcu.externaltools.gnu-tools-for-stm32.9-2020-q2-update.win32_2.0.0.202105311346/tools/bin/../lib/gcc/arm-none-eabi/9.3.1/thumb/v7-m/nofp/crtbegin.o

.rodata         0x0000000008004d40      0x10c
                0x0000000008004d40                . = ALIGN (0x4)
 *(.rodata)
 .rodata        0x0000000008004d40       0xa3 ./Core/Src/main.o
 *fill*         0x0000000008004de3        0x1 
 .rodata        0x0000000008004de4        0x5 ./Middlewares/Third_Party/FreeRTOS/Source/tasks.o
 *(.rodata*)
 *fill*         0x0000000008004de9        0x3 
 .rodata.AHBPrescTable
                0x0000000008004dec       0x10 ./Core/Src/system_stm32f1xx.o
                0x0000000008004dec                AHBPrescTable
 .rodata.APBPrescTable
                0x0000000008004dfc        0x8 ./Core/Src/system_stm32f1xx.o
                0x0000000008004dfc                APBPrescTable
 .rodata.aPLLMULFactorTable.6315
                0x0000000008004e04       0x10 ./Drivers/STM32F1xx_HAL_Driver/Src/stm32f1xx_hal_rcc.o
 .rodata.aPredivFactorTable.6316
                0x0000000008004e14        0x2 ./Drivers/STM32F1xx_HAL_Driver/Src/stm32f1xx_hal_rcc.o
 .rodata._svfprintf_r.str1.1
                0x0000000008004e16       0x11 c:/st/stm32cubeide_1.7.0/stm32cubeide/plugins/com.st.stm32cube.ide.mcu.externaltools.gnu-tools-for-stm32.9-2020-q2-update.win32_2.0.0.202105311346/tools/bin/../lib/gcc/arm-none-eabi/9.3.1/../../../../arm-none-eabi/lib/thumb/v7-m/nofp\libc_nano.a(lib_a-nano-svfprintf.o)
 .rodata._printf_i.str1.1
                0x0000000008004e27       0x22 c:/st/stm32cubeide_1.7.0/stm32cubeide/plugins/com.st.stm32cube.ide.mcu.externaltools.gnu-tools-for-stm32.9-2020-q2-update.win32_2.0.0.202105311346/tools/bin/../lib/gcc/arm-none-eabi/9.3.1/../../../../arm-none-eabi/lib/thumb/v7-m/nofp\libc_nano.a(lib_a-nano-vfprintf_i.o)
                0x0000000008004e4c                . = ALIGN (0x4)
 *fill*         0x0000000008004e49        0x3 

.rel.dyn        0x0000000008004e4c        0x0
 .rel.iplt      0x0000000008004e4c        0x0 c:/st/stm32cubeide_1.7.0/stm32cubeide/plugins/com.st.stm32cube.ide.mcu.externaltools.gnu-tools-for-stm32.9-2020-q2-update.win32_2.0.0.202105311346/tools/bin/../lib/gcc/arm-none-eabi/9.3.1/thumb/v7-m/nofp/crtbegin.o

.ARM.extab      0x0000000008004e4c        0x0
                0x0000000008004e4c                . = ALIGN (0x4)
 *(.ARM.extab* .gnu.linkonce.armextab.*)
                0x0000000008004e4c                . = ALIGN (0x4)

.ARM            0x0000000008004e4c        0x0
                0x0000000008004e4c                . = ALIGN (0x4)
                0x0000000008004e4c                __exidx_start = .
 *(.ARM.exidx*)
                0x0000000008004e4c                __exidx_end = .
                0x0000000008004e4c                . = ALIGN (0x4)

.preinit_array  0x0000000008004e4c        0x0
                0x0000000008004e4c                . = ALIGN (0x4)
                0x0000000008004e4c                PROVIDE (__preinit_array_start = .)
 *(.preinit_array*)
                0x0000000008004e4c                PROVIDE (__preinit_array_end = .)
                0x0000000008004e4c                . = ALIGN (0x4)

.init_array     0x0000000008004e4c        0x4
                0x0000000008004e4c                . = ALIGN (0x4)
                0x0000000008004e4c                PROVIDE (__init_array_start = .)
 *(SORT_BY_NAME(.init_array.*))
 *(.init_array*)
 .init_array    0x0000000008004e4c        0x4 c:/st/stm32cubeide_1.7.0/stm32cubeide/plugins/com.st.stm32cube.ide.mcu.externaltools.gnu-tools-for-stm32.9-2020-q2-update.win32_2.0.0.202105311346/tools/bin/../lib/gcc/arm-none-eabi/9.3.1/thumb/v7-m/nofp/crtbegin.o
                0x0000000008004e50                PROVIDE (__init_array_end = .)
                0x0000000008004e50                . = ALIGN (0x4)

.fini_array     0x0000000008004e50        0x4
                0x0000000008004e50                . = ALIGN (0x4)
                [!provide]                        PROVIDE (__fini_array_start = .)
 *(SORT_BY_NAME(.fini_array.*))
 *(.fini_array*)
 .fini_array    0x0000000008004e50        0x4 c:/st/stm32cubeide_1.7.0/stm32cubeide/plugins/com.st.stm32cube.ide.mcu.externaltools.gnu-tools-for-stm32.9-2020-q2-update.win32_2.0.0.202105311346/tools/bin/../lib/gcc/arm-none-eabi/9.3.1/thumb/v7-m/nofp/crtbegin.o
                [!provide]                        PROVIDE (__fini_array_end = .)
                0x0000000008004e54                . = ALIGN (0x4)
                0x0000000008004e54                _sidata = LOADADDR (.data)

.data           0x0000000020000000       0x74 load address 0x0000000008004e54
                0x0000000020000000                . = ALIGN (0x4)
                0x0000000020000000                _sdata = .
 *(.data)
 *(.data*)
 .data.SystemCoreClock
                0x0000000020000000        0x4 ./Core/Src/system_stm32f1xx.o
                0x0000000020000000                SystemCoreClock
 .data.uwTickPrio
                0x0000000020000004        0x4 ./Drivers/STM32F1xx_HAL_Driver/Src/stm32f1xx_hal.o
                0x0000000020000004                uwTickPrio
 .data.uwTickFreq
                0x0000000020000008        0x1 ./Drivers/STM32F1xx_HAL_Driver/Src/stm32f1xx_hal.o
                0x0000000020000008                uwTickFreq
 *fill*         0x0000000020000009        0x3 
 .data.uxCriticalNesting
                0x000000002000000c        0x4 ./Middlewares/Third_Party/FreeRTOS/Source/portable/GCC/ARM_CM3/port.o
 .data._impure_ptr
                0x0000000020000010        0x4 c:/st/stm32cubeide_1.7.0/stm32cubeide/plugins/com.st.stm32cube.ide.mcu.externaltools.gnu-tools-for-stm32.9-2020-q2-update.win32_2.0.0.202105311346/tools/bin/../lib/gcc/arm-none-eabi/9.3.1/../../../../arm-none-eabi/lib/thumb/v7-m/nofp\libc_nano.a(lib_a-impure.o)
                0x0000000020000010                _impure_ptr
 .data.impure_data
                0x0000000020000014       0x60 c:/st/stm32cubeide_1.7.0/stm32cubeide/plugins/com.st.stm32cube.ide.mcu.externaltools.gnu-tools-for-stm32.9-2020-q2-update.win32_2.0.0.202105311346/tools/bin/../lib/gcc/arm-none-eabi/9.3.1/../../../../arm-none-eabi/lib/thumb/v7-m/nofp\libc_nano.a(lib_a-impure.o)
 *(.RamFunc)
 *(.RamFunc*)
                0x0000000020000074                . = ALIGN (0x4)
                0x0000000020000074                _edata = .

.igot.plt       0x0000000020000074        0x0 load address 0x0000000008004ec8
 .igot.plt      0x0000000020000074        0x0 c:/st/stm32cubeide_1.7.0/stm32cubeide/plugins/com.st.stm32cube.ide.mcu.externaltools.gnu-tools-for-stm32.9-2020-q2-update.win32_2.0.0.202105311346/tools/bin/../lib/gcc/arm-none-eabi/9.3.1/thumb/v7-m/nofp/crtbegin.o
                0x0000000020000074                . = ALIGN (0x4)

.bss            0x0000000020000074     0x10b0 load address 0x0000000008004ec8
                0x0000000020000074                _sbss = .
                0x0000000020000074                __bss_start__ = _sbss
 *(.bss)
 .bss           0x0000000020000074       0x1c c:/st/stm32cubeide_1.7.0/stm32cubeide/plugins/com.st.stm32cube.ide.mcu.externaltools.gnu-tools-for-stm32.9-2020-q2-update.win32_2.0.0.202105311346/tools/bin/../lib/gcc/arm-none-eabi/9.3.1/thumb/v7-m/nofp/crtbegin.o
 *(.bss*)
 .bss.xIdleTaskTCBBuffer
                0x0000000020000090       0x54 ./Core/Src/freertos.o
 .bss.xIdleStack
                0x00000000200000e4      0x200 ./Core/Src/freertos.o
 .bss.__sbrk_heap_end
                0x00000000200002e4        0x4 ./Core/Src/sysmem.o
 .bss.pxCurrentTCB
                0x00000000200002e8        0x4 ./Middlewares/Third_Party/FreeRTOS/Source/tasks.o
                0x00000000200002e8                pxCurrentTCB
 .bss.pxReadyTasksLists
                0x00000000200002ec       0x8c ./Middlewares/Third_Party/FreeRTOS/Source/tasks.o
 .bss.xDelayedTaskList1
                0x0000000020000378       0x14 ./Middlewares/Third_Party/FreeRTOS/Source/tasks.o
 .bss.xDelayedTaskList2
                0x000000002000038c       0x14 ./Middlewares/Third_Party/FreeRTOS/Source/tasks.o
 .bss.pxDelayedTaskList
                0x00000000200003a0        0x4 ./Middlewares/Third_Party/FreeRTOS/Source/tasks.o
 .bss.pxOverflowDelayedTaskList
                0x00000000200003a4        0x4 ./Middlewares/Third_Party/FreeRTOS/Source/tasks.o
 .bss.xPendingReadyList
                0x00000000200003a8       0x14 ./Middlewares/Third_Party/FreeRTOS/Source/tasks.o
 .bss.xTasksWaitingTermination
                0x00000000200003bc       0x14 ./Middlewares/Third_Party/FreeRTOS/Source/tasks.o
 .bss.uxDeletedTasksWaitingCleanUp
                0x00000000200003d0        0x4 ./Middlewares/Third_Party/FreeRTOS/Source/tasks.o
 .bss.xSuspendedTaskList
                0x00000000200003d4       0x14 ./Middlewares/Third_Party/FreeRTOS/Source/tasks.o
 .bss.uxCurrentNumberOfTasks
                0x00000000200003e8        0x4 ./Middlewares/Third_Party/FreeRTOS/Source/tasks.o
 .bss.xTickCount
                0x00000000200003ec        0x4 ./Middlewares/Third_Party/FreeRTOS/Source/tasks.o
 .bss.uxTopReadyPriority
                0x00000000200003f0        0x4 ./Middlewares/Third_Party/FreeRTOS/Source/tasks.o
 .bss.xSchedulerRunning
                0x00000000200003f4        0x4 ./Middlewares/Third_Party/FreeRTOS/Source/tasks.o
 .bss.xPendedTicks
                0x00000000200003f8        0x4 ./Middlewares/Third_Party/FreeRTOS/Source/tasks.o
 .bss.xYieldPending
                0x00000000200003fc        0x4 ./Middlewares/Third_Party/FreeRTOS/Source/tasks.o
 .bss.xNumOfOverflows
                0x0000000020000400        0x4 ./Middlewares/Third_Party/FreeRTOS/Source/tasks.o
 .bss.uxTaskNumber
                0x0000000020000404        0x4 ./Middlewares/Third_Party/FreeRTOS/Source/tasks.o
 .bss.xNextTaskUnblockTime
                0x0000000020000408        0x4 ./Middlewares/Third_Party/FreeRTOS/Source/tasks.o
 .bss.xIdleTaskHandle
                0x000000002000040c        0x4 ./Middlewares/Third_Party/FreeRTOS/Source/tasks.o
 .bss.uxSchedulerSuspended
                0x0000000020000410        0x4 ./Middlewares/Third_Party/FreeRTOS/Source/tasks.o
 .bss.ucMaxSysCallPriority
                0x0000000020000414        0x1 ./Middlewares/Third_Party/FreeRTOS/Source/portable/GCC/ARM_CM3/port.o
 *fill*         0x0000000020000415        0x3 
 .bss.ulMaxPRIGROUPValue
                0x0000000020000418        0x4 ./Middlewares/Third_Party/FreeRTOS/Source/portable/GCC/ARM_CM3/port.o
 .bss.ucHeap    0x000000002000041c      0xc00 ./Middlewares/Third_Party/FreeRTOS/Source/portable/MemMang/heap_4.o
 .bss.xStart    0x000000002000101c        0x8 ./Middlewares/Third_Party/FreeRTOS/Source/portable/MemMang/heap_4.o
 .bss.pxEnd     0x0000000020001024        0x4 ./Middlewares/Third_Party/FreeRTOS/Source/portable/MemMang/heap_4.o
 .bss.xFreeBytesRemaining
                0x0000000020001028        0x4 ./Middlewares/Third_Party/FreeRTOS/Source/portable/MemMang/heap_4.o
 .bss.xMinimumEverFreeBytesRemaining
                0x000000002000102c        0x4 ./Middlewares/Third_Party/FreeRTOS/Source/portable/MemMang/heap_4.o
 .bss.xNumberOfSuccessfulAllocations
                0x0000000020001030        0x4 ./Middlewares/Third_Party/FreeRTOS/Source/portable/MemMang/heap_4.o
 .bss.xNumberOfSuccessfulFrees
                0x0000000020001034        0x4 ./Middlewares/Third_Party/FreeRTOS/Source/portable/MemMang/heap_4.o
 .bss.xBlockAllocatedBit
                0x0000000020001038        0x4 ./Middlewares/Third_Party/FreeRTOS/Source/portable/MemMang/heap_4.o
 .bss.__malloc_free_list
                0x000000002000103c        0x4 c:/st/stm32cubeide_1.7.0/stm32cubeide/plugins/com.st.stm32cube.ide.mcu.externaltools.gnu-tools-for-stm32.9-2020-q2-update.win32_2.0.0.202105311346/tools/bin/../lib/gcc/arm-none-eabi/9.3.1/../../../../arm-none-eabi/lib/thumb/v7-m/nofp\libc_nano.a(lib_a-nano-mallocr.o)
                0x000000002000103c                __malloc_free_list
 .bss.__malloc_sbrk_start
                0x0000000020001040        0x4 c:/st/stm32cubeide_1.7.0/stm32cubeide/plugins/com.st.stm32cube.ide.mcu.externaltools.gnu-tools-for-stm32.9-2020-q2-update.win32_2.0.0.202105311346/tools/bin/../lib/gcc/arm-none-eabi/9.3.1/../../../../arm-none-eabi/lib/thumb/v7-m/nofp\libc_nano.a(lib_a-nano-mallocr.o)
                0x0000000020001040                __malloc_sbrk_start
 *(COMMON)
 COMMON         0x0000000020001044       0x5c ./Core/Src/main.o
                0x0000000020001044                defaultTaskHandle
                0x0000000020001048                huart1
                0x0000000020001090                myTask02Handle
                0x0000000020001094                myQueue01Handle
                0x0000000020001098                myTask01Handle
                0x000000002000109c                myQueue1Handle
 COMMON         0x00000000200010a0       0x28 ./Core/Src/printf.o
                0x00000000200010a0                buff
 COMMON         0x00000000200010c8       0x48 ./Core/Src/stm32f1xx_hal_timebase_tim.o
                0x00000000200010c8                htim4
 COMMON         0x0000000020001110        0x4 ./Drivers/STM32F1xx_HAL_Driver/Src/stm32f1xx_hal.o
                0x0000000020001110                uwTick
 COMMON         0x0000000020001114        0x4 c:/st/stm32cubeide_1.7.0/stm32cubeide/plugins/com.st.stm32cube.ide.mcu.externaltools.gnu-tools-for-stm32.9-2020-q2-update.win32_2.0.0.202105311346/tools/bin/../lib/gcc/arm-none-eabi/9.3.1/../../../../arm-none-eabi/lib/thumb/v7-m/nofp\libc_nano.a(lib_a-reent.o)
                0x0000000020001114                errno
 COMMON         0x0000000020001118        0x9 c:/st/stm32cubeide_1.7.0/stm32cubeide/plugins/com.st.stm32cube.ide.mcu.externaltools.gnu-tools-for-stm32.9-2020-q2-update.win32_2.0.0.202105311346/tools/bin/../lib/gcc/arm-none-eabi/9.3.1/../../../../arm-none-eabi/lib/thumb/v7-m/nofp\libc_nano.a(lib_a-lock.o)
                0x0000000020001118                __lock___atexit_recursive_mutex
                0x0000000020001119                __lock___arc4random_mutex
                0x000000002000111a                __lock___env_recursive_mutex
                0x000000002000111b                __lock___sinit_recursive_mutex
                0x000000002000111c                __lock___malloc_recursive_mutex
                0x000000002000111d                __lock___at_quick_exit_mutex
                0x000000002000111e                __lock___dd_hash_mutex
                0x000000002000111f                __lock___tz_mutex
                0x0000000020001120                __lock___sfp_recursive_mutex
                0x0000000020001124                . = ALIGN (0x4)
 *fill*         0x0000000020001121        0x3 
                0x0000000020001124                _ebss = .
                0x0000000020001124                __bss_end__ = _ebss

._user_heap_stack
                0x0000000020001124      0x604 load address 0x0000000008004ec8
                0x0000000020001128                . = ALIGN (0x8)
 *fill*         0x0000000020001124        0x4 
                [!provide]                        PROVIDE (end = .)
                0x0000000020001128                PROVIDE (_end = .)
                0x0000000020001328                . = (. + _Min_Heap_Size)
 *fill*         0x0000000020001128      0x200 
                0x0000000020001728                . = (. + _Min_Stack_Size)
 *fill*         0x0000000020001328      0x400 
                0x0000000020001728                . = ALIGN (0x8)

/DISCARD/
 libc.a(*)
 libm.a(*)
 libgcc.a(*)

.ARM.attributes
                0x0000000000000000       0x29
 *(.ARM.attributes)
 .ARM.attributes
                0x0000000000000000       0x1d c:/st/stm32cubeide_1.7.0/stm32cubeide/plugins/com.st.stm32cube.ide.mcu.externaltools.gnu-tools-for-stm32.9-2020-q2-update.win32_2.0.0.202105311346/tools/bin/../lib/gcc/arm-none-eabi/9.3.1/thumb/v7-m/nofp/crti.o
 .ARM.attributes
                0x000000000000001d       0x2d c:/st/stm32cubeide_1.7.0/stm32cubeide/plugins/com.st.stm32cube.ide.mcu.externaltools.gnu-tools-for-stm32.9-2020-q2-update.win32_2.0.0.202105311346/tools/bin/../lib/gcc/arm-none-eabi/9.3.1/thumb/v7-m/nofp/crtbegin.o
 .ARM.attributes
                0x000000000000004a       0x2d ./Core/Src/freertos.o
 .ARM.attributes
                0x0000000000000077       0x2d ./Core/Src/main.o
 .ARM.attributes
                0x00000000000000a4       0x2d ./Core/Src/printf.o
 .ARM.attributes
                0x00000000000000d1       0x2d ./Core/Src/stm32f1xx_hal_msp.o
 .ARM.attributes
                0x00000000000000fe       0x2d ./Core/Src/stm32f1xx_hal_timebase_tim.o
 .ARM.attributes
                0x000000000000012b       0x2d ./Core/Src/stm32f1xx_it.o
 .ARM.attributes
                0x0000000000000158       0x2d ./Core/Src/sysmem.o
 .ARM.attributes
                0x0000000000000185       0x2d ./Core/Src/system_stm32f1xx.o
 .ARM.attributes
                0x00000000000001b2       0x21 ./Core/Startup/startup_stm32f103rctx.o
 .ARM.attributes
                0x00000000000001d3       0x2d ./Drivers/STM32F1xx_HAL_Driver/Src/stm32f1xx_hal.o
 .ARM.attributes
                0x0000000000000200       0x2d ./Drivers/STM32F1xx_HAL_Driver/Src/stm32f1xx_hal_cortex.o
 .ARM.attributes
                0x000000000000022d       0x2d ./Drivers/STM32F1xx_HAL_Driver/Src/stm32f1xx_hal_gpio.o
 .ARM.attributes
                0x000000000000025a       0x2d ./Drivers/STM32F1xx_HAL_Driver/Src/stm32f1xx_hal_rcc.o
 .ARM.attributes
                0x0000000000000287       0x2d ./Drivers/STM32F1xx_HAL_Driver/Src/stm32f1xx_hal_tim.o
 .ARM.attributes
                0x00000000000002b4       0x2d ./Drivers/STM32F1xx_HAL_Driver/Src/stm32f1xx_hal_tim_ex.o
 .ARM.attributes
                0x00000000000002e1       0x2d ./Drivers/STM32F1xx_HAL_Driver/Src/stm32f1xx_hal_uart.o
 .ARM.attributes
                0x000000000000030e       0x2d ./Middlewares/Third_Party/FreeRTOS/Source/CMSIS_RTOS/cmsis_os.o
 .ARM.attributes
                0x000000000000033b       0x2d ./Middlewares/Third_Party/FreeRTOS/Source/list.o
 .ARM.attributes
                0x0000000000000368       0x2d ./Middlewares/Third_Party/FreeRTOS/Source/queue.o
 .ARM.attributes
                0x0000000000000395       0x2d ./Middlewares/Third_Party/FreeRTOS/Source/tasks.o
 .ARM.attributes
                0x00000000000003c2       0x2d ./Middlewares/Third_Party/FreeRTOS/Source/portable/GCC/ARM_CM3/port.o
 .ARM.attributes
                0x00000000000003ef       0x2d ./Middlewares/Third_Party/FreeRTOS/Source/portable/MemMang/heap_4.o
 .ARM.attributes
                0x000000000000041c       0x2d c:/st/stm32cubeide_1.7.0/stm32cubeide/plugins/com.st.stm32cube.ide.mcu.externaltools.gnu-tools-for-stm32.9-2020-q2-update.win32_2.0.0.202105311346/tools/bin/../lib/gcc/arm-none-eabi/9.3.1/../../../../arm-none-eabi/lib/thumb/v7-m/nofp\libc_nano.a(lib_a-errno.o)
 .ARM.attributes
                0x0000000000000449       0x2d c:/st/stm32cubeide_1.7.0/stm32cubeide/plugins/com.st.stm32cube.ide.mcu.externaltools.gnu-tools-for-stm32.9-2020-q2-update.win32_2.0.0.202105311346/tools/bin/../lib/gcc/arm-none-eabi/9.3.1/../../../../arm-none-eabi/lib/thumb/v7-m/nofp\libc_nano.a(lib_a-impure.o)
 .ARM.attributes
                0x0000000000000476       0x2d c:/st/stm32cubeide_1.7.0/stm32cubeide/plugins/com.st.stm32cube.ide.mcu.externaltools.gnu-tools-for-stm32.9-2020-q2-update.win32_2.0.0.202105311346/tools/bin/../lib/gcc/arm-none-eabi/9.3.1/../../../../arm-none-eabi/lib/thumb/v7-m/nofp\libc_nano.a(lib_a-init.o)
 .ARM.attributes
                0x00000000000004a3       0x2d c:/st/stm32cubeide_1.7.0/stm32cubeide/plugins/com.st.stm32cube.ide.mcu.externaltools.gnu-tools-for-stm32.9-2020-q2-update.win32_2.0.0.202105311346/tools/bin/../lib/gcc/arm-none-eabi/9.3.1/../../../../arm-none-eabi/lib/thumb/v7-m/nofp\libc_nano.a(lib_a-memcpy-stub.o)
 .ARM.attributes
                0x00000000000004d0       0x2d c:/st/stm32cubeide_1.7.0/stm32cubeide/plugins/com.st.stm32cube.ide.mcu.externaltools.gnu-tools-for-stm32.9-2020-q2-update.win32_2.0.0.202105311346/tools/bin/../lib/gcc/arm-none-eabi/9.3.1/../../../../arm-none-eabi/lib/thumb/v7-m/nofp\libc_nano.a(lib_a-memset.o)
 .ARM.attributes
                0x00000000000004fd       0x2d c:/st/stm32cubeide_1.7.0/stm32cubeide/plugins/com.st.stm32cube.ide.mcu.externaltools.gnu-tools-for-stm32.9-2020-q2-update.win32_2.0.0.202105311346/tools/bin/../lib/gcc/arm-none-eabi/9.3.1/../../../../arm-none-eabi/lib/thumb/v7-m/nofp\libc_nano.a(lib_a-vsnprintf.o)
 .ARM.attributes
                0x000000000000052a       0x2d c:/st/stm32cubeide_1.7.0/stm32cubeide/plugins/com.st.stm32cube.ide.mcu.externaltools.gnu-tools-for-stm32.9-2020-q2-update.win32_2.0.0.202105311346/tools/bin/../lib/gcc/arm-none-eabi/9.3.1/../../../../arm-none-eabi/lib/thumb/v7-m/nofp\libc_nano.a(lib_a-nano-svfprintf.o)
 .ARM.attributes
                0x0000000000000557       0x2d c:/st/stm32cubeide_1.7.0/stm32cubeide/plugins/com.st.stm32cube.ide.mcu.externaltools.gnu-tools-for-stm32.9-2020-q2-update.win32_2.0.0.202105311346/tools/bin/../lib/gcc/arm-none-eabi/9.3.1/../../../../arm-none-eabi/lib/thumb/v7-m/nofp\libc_nano.a(lib_a-nano-vfprintf_i.o)
 .ARM.attributes
                0x0000000000000584       0x2d c:/st/stm32cubeide_1.7.0/stm32cubeide/plugins/com.st.stm32cube.ide.mcu.externaltools.gnu-tools-for-stm32.9-2020-q2-update.win32_2.0.0.202105311346/tools/bin/../lib/gcc/arm-none-eabi/9.3.1/../../../../arm-none-eabi/lib/thumb/v7-m/nofp\libc_nano.a(lib_a-memchr-stub.o)
 .ARM.attributes
                0x00000000000005b1       0x2d c:/st/stm32cubeide_1.7.0/stm32cubeide/plugins/com.st.stm32cube.ide.mcu.externaltools.gnu-tools-for-stm32.9-2020-q2-update.win32_2.0.0.202105311346/tools/bin/../lib/gcc/arm-none-eabi/9.3.1/../../../../arm-none-eabi/lib/thumb/v7-m/nofp\libc_nano.a(lib_a-memmove.o)
 .ARM.attributes
                0x00000000000005de       0x2d c:/st/stm32cubeide_1.7.0/stm32cubeide/plugins/com.st.stm32cube.ide.mcu.externaltools.gnu-tools-for-stm32.9-2020-q2-update.win32_2.0.0.202105311346/tools/bin/../lib/gcc/arm-none-eabi/9.3.1/../../../../arm-none-eabi/lib/thumb/v7-m/nofp\libc_nano.a(lib_a-nano-freer.o)
 .ARM.attributes
                0x000000000000060b       0x2d c:/st/stm32cubeide_1.7.0/stm32cubeide/plugins/com.st.stm32cube.ide.mcu.externaltools.gnu-tools-for-stm32.9-2020-q2-update.win32_2.0.0.202105311346/tools/bin/../lib/gcc/arm-none-eabi/9.3.1/../../../../arm-none-eabi/lib/thumb/v7-m/nofp\libc_nano.a(lib_a-nano-mallocr.o)
 .ARM.attributes
                0x0000000000000638       0x2d c:/st/stm32cubeide_1.7.0/stm32cubeide/plugins/com.st.stm32cube.ide.mcu.externaltools.gnu-tools-for-stm32.9-2020-q2-update.win32_2.0.0.202105311346/tools/bin/../lib/gcc/arm-none-eabi/9.3.1/../../../../arm-none-eabi/lib/thumb/v7-m/nofp\libc_nano.a(lib_a-nano-reallocr.o)
 .ARM.attributes
                0x0000000000000665       0x2d c:/st/stm32cubeide_1.7.0/stm32cubeide/plugins/com.st.stm32cube.ide.mcu.externaltools.gnu-tools-for-stm32.9-2020-q2-update.win32_2.0.0.202105311346/tools/bin/../lib/gcc/arm-none-eabi/9.3.1/../../../../arm-none-eabi/lib/thumb/v7-m/nofp\libc_nano.a(lib_a-sbrkr.o)
 .ARM.attributes
                0x0000000000000692       0x2d c:/st/stm32cubeide_1.7.0/stm32cubeide/plugins/com.st.stm32cube.ide.mcu.externaltools.gnu-tools-for-stm32.9-2020-q2-update.win32_2.0.0.202105311346/tools/bin/../lib/gcc/arm-none-eabi/9.3.1/../../../../arm-none-eabi/lib/thumb/v7-m/nofp\libc_nano.a(lib_a-mlock.o)
 .ARM.attributes
                0x00000000000006bf       0x2d c:/st/stm32cubeide_1.7.0/stm32cubeide/plugins/com.st.stm32cube.ide.mcu.externaltools.gnu-tools-for-stm32.9-2020-q2-update.win32_2.0.0.202105311346/tools/bin/../lib/gcc/arm-none-eabi/9.3.1/../../../../arm-none-eabi/lib/thumb/v7-m/nofp\libc_nano.a(lib_a-nano-msizer.o)
 .ARM.attributes
                0x00000000000006ec       0x2d c:/st/stm32cubeide_1.7.0/stm32cubeide/plugins/com.st.stm32cube.ide.mcu.externaltools.gnu-tools-for-stm32.9-2020-q2-update.win32_2.0.0.202105311346/tools/bin/../lib/gcc/arm-none-eabi/9.3.1/../../../../arm-none-eabi/lib/thumb/v7-m/nofp\libc_nano.a(lib_a-reent.o)
 .ARM.attributes
                0x0000000000000719       0x2d c:/st/stm32cubeide_1.7.0/stm32cubeide/plugins/com.st.stm32cube.ide.mcu.externaltools.gnu-tools-for-stm32.9-2020-q2-update.win32_2.0.0.202105311346/tools/bin/../lib/gcc/arm-none-eabi/9.3.1/../../../../arm-none-eabi/lib/thumb/v7-m/nofp\libc_nano.a(lib_a-lock.o)
 .ARM.attributes
                0x0000000000000746       0x1d c:/st/stm32cubeide_1.7.0/stm32cubeide/plugins/com.st.stm32cube.ide.mcu.externaltools.gnu-tools-for-stm32.9-2020-q2-update.win32_2.0.0.202105311346/tools/bin/../lib/gcc/arm-none-eabi/9.3.1/thumb/v7-m/nofp/crtn.o
OUTPUT(RTOS.elf elf32-littlearm)
LOAD linker stubs
LOAD c:/st/stm32cubeide_1.7.0/stm32cubeide/plugins/com.st.stm32cube.ide.mcu.externaltools.gnu-tools-for-stm32.9-2020-q2-update.win32_2.0.0.202105311346/tools/bin/../lib/gcc/arm-none-eabi/9.3.1/../../../../arm-none-eabi/lib/thumb/v7-m/nofp\libc.a
LOAD c:/st/stm32cubeide_1.7.0/stm32cubeide/plugins/com.st.stm32cube.ide.mcu.externaltools.gnu-tools-for-stm32.9-2020-q2-update.win32_2.0.0.202105311346/tools/bin/../lib/gcc/arm-none-eabi/9.3.1/../../../../arm-none-eabi/lib/thumb/v7-m/nofp\libm.a
LOAD c:/st/stm32cubeide_1.7.0/stm32cubeide/plugins/com.st.stm32cube.ide.mcu.externaltools.gnu-tools-for-stm32.9-2020-q2-update.win32_2.0.0.202105311346/tools/bin/../lib/gcc/arm-none-eabi/9.3.1/thumb/v7-m/nofp\libgcc.a

.debug_info     0x0000000000000000    0x1710f
 .debug_info    0x0000000000000000      0x36d ./Core/Src/freertos.o
 .debug_info    0x000000000000036d     0x1aa5 ./Core/Src/main.o
 .debug_info    0x0000000000001e12      0xf66 ./Core/Src/printf.o
 .debug_info    0x0000000000002d78      0xaad ./Core/Src/stm32f1xx_hal_msp.o
 .debug_info    0x0000000000003825      0xa84 ./Core/Src/stm32f1xx_hal_timebase_tim.o
 .debug_info    0x00000000000042a9      0x783 ./Core/Src/stm32f1xx_it.o
 .debug_info    0x0000000000004a2c      0xa25 ./Core/Src/sysmem.o
 .debug_info    0x0000000000005451      0x2be ./Core/Src/system_stm32f1xx.o
 .debug_info    0x000000000000570f       0x22 ./Core/Startup/startup_stm32f103rctx.o
 .debug_info    0x0000000000005731      0x7d0 ./Drivers/STM32F1xx_HAL_Driver/Src/stm32f1xx_hal.o
 .debug_info    0x0000000000005f01      0xc42 ./Drivers/STM32F1xx_HAL_Driver/Src/stm32f1xx_hal_cortex.o
 .debug_info    0x0000000000006b43      0x701 ./Drivers/STM32F1xx_HAL_Driver/Src/stm32f1xx_hal_gpio.o
 .debug_info    0x0000000000007244      0x893 ./Drivers/STM32F1xx_HAL_Driver/Src/stm32f1xx_hal_rcc.o
 .debug_info    0x0000000000007ad7     0x2c32 ./Drivers/STM32F1xx_HAL_Driver/Src/stm32f1xx_hal_tim.o
 .debug_info    0x000000000000a709     0x157f ./Drivers/STM32F1xx_HAL_Driver/Src/stm32f1xx_hal_tim_ex.o
 .debug_info    0x000000000000bc88     0x312f ./Drivers/STM32F1xx_HAL_Driver/Src/stm32f1xx_hal_uart.o
 .debug_info    0x000000000000edb7     0x203a ./Middlewares/Third_Party/FreeRTOS/Source/CMSIS_RTOS/cmsis_os.o
 .debug_info    0x0000000000010df1      0xb82 ./Middlewares/Third_Party/FreeRTOS/Source/list.o
 .debug_info    0x0000000000011973     0x1ffc ./Middlewares/Third_Party/FreeRTOS/Source/queue.o
 .debug_info    0x000000000001396f     0x2575 ./Middlewares/Third_Party/FreeRTOS/Source/tasks.o
 .debug_info    0x0000000000015ee4      0x4a1 ./Middlewares/Third_Party/FreeRTOS/Source/portable/GCC/ARM_CM3/port.o
 .debug_info    0x0000000000016385      0xd8a ./Middlewares/Third_Party/FreeRTOS/Source/portable/MemMang/heap_4.o

.debug_abbrev   0x0000000000000000     0x315b
 .debug_abbrev  0x0000000000000000      0x11d ./Core/Src/freertos.o
 .debug_abbrev  0x000000000000011d      0x345 ./Core/Src/main.o
 .debug_abbrev  0x0000000000000462      0x22b ./Core/Src/printf.o
 .debug_abbrev  0x000000000000068d      0x1b5 ./Core/Src/stm32f1xx_hal_msp.o
 .debug_abbrev  0x0000000000000842      0x1bf ./Core/Src/stm32f1xx_hal_timebase_tim.o
 .debug_abbrev  0x0000000000000a01      0x176 ./Core/Src/stm32f1xx_it.o
 .debug_abbrev  0x0000000000000b77      0x1bf ./Core/Src/sysmem.o
 .debug_abbrev  0x0000000000000d36      0x14e ./Core/Src/system_stm32f1xx.o
 .debug_abbrev  0x0000000000000e84       0x12 ./Core/Startup/startup_stm32f103rctx.o
 .debug_abbrev  0x0000000000000e96      0x1ed ./Drivers/STM32F1xx_HAL_Driver/Src/stm32f1xx_hal.o
 .debug_abbrev  0x0000000000001083      0x313 ./Drivers/STM32F1xx_HAL_Driver/Src/stm32f1xx_hal_cortex.o
 .debug_abbrev  0x0000000000001396      0x1e8 ./Drivers/STM32F1xx_HAL_Driver/Src/stm32f1xx_hal_gpio.o
 .debug_abbrev  0x000000000000157e      0x273 ./Drivers/STM32F1xx_HAL_Driver/Src/stm32f1xx_hal_rcc.o
 .debug_abbrev  0x00000000000017f1      0x25e ./Drivers/STM32F1xx_HAL_Driver/Src/stm32f1xx_hal_tim.o
 .debug_abbrev  0x0000000000001a4f      0x266 ./Drivers/STM32F1xx_HAL_Driver/Src/stm32f1xx_hal_tim_ex.o
 .debug_abbrev  0x0000000000001cb5      0x2eb ./Drivers/STM32F1xx_HAL_Driver/Src/stm32f1xx_hal_uart.o
 .debug_abbrev  0x0000000000001fa0      0x3c2 ./Middlewares/Third_Party/FreeRTOS/Source/CMSIS_RTOS/cmsis_os.o
 .debug_abbrev  0x0000000000002362      0x1f7 ./Middlewares/Third_Party/FreeRTOS/Source/list.o
 .debug_abbrev  0x0000000000002559      0x380 ./Middlewares/Third_Party/FreeRTOS/Source/queue.o
 .debug_abbrev  0x00000000000028d9      0x380 ./Middlewares/Third_Party/FreeRTOS/Source/tasks.o
 .debug_abbrev  0x0000000000002c59      0x22f ./Middlewares/Third_Party/FreeRTOS/Source/portable/GCC/ARM_CM3/port.o
 .debug_abbrev  0x0000000000002e88      0x2d3 ./Middlewares/Third_Party/FreeRTOS/Source/portable/MemMang/heap_4.o

.debug_aranges  0x0000000000000000     0x1170
 .debug_aranges
                0x0000000000000000       0x20 ./Core/Src/freertos.o
 .debug_aranges
                0x0000000000000020       0x60 ./Core/Src/main.o
 .debug_aranges
                0x0000000000000080       0x20 ./Core/Src/printf.o
 .debug_aranges
                0x00000000000000a0       0x30 ./Core/Src/stm32f1xx_hal_msp.o
 .debug_aranges
                0x00000000000000d0       0x30 ./Core/Src/stm32f1xx_hal_timebase_tim.o
 .debug_aranges
                0x0000000000000100       0x50 ./Core/Src/stm32f1xx_it.o
 .debug_aranges
                0x0000000000000150       0x20 ./Core/Src/sysmem.o
 .debug_aranges
                0x0000000000000170       0x28 ./Core/Src/system_stm32f1xx.o
 .debug_aranges
                0x0000000000000198       0x28 ./Core/Startup/startup_stm32f103rctx.o
 .debug_aranges
                0x00000000000001c0       0xe0 ./Drivers/STM32F1xx_HAL_Driver/Src/stm32f1xx_hal.o
 .debug_aranges
                0x00000000000002a0      0x100 ./Drivers/STM32F1xx_HAL_Driver/Src/stm32f1xx_hal_cortex.o
 .debug_aranges
                0x00000000000003a0       0x58 ./Drivers/STM32F1xx_HAL_Driver/Src/stm32f1xx_hal_gpio.o
 .debug_aranges
                0x00000000000003f8       0x90 ./Drivers/STM32F1xx_HAL_Driver/Src/stm32f1xx_hal_rcc.o
 .debug_aranges
                0x0000000000000488      0x3d0 ./Drivers/STM32F1xx_HAL_Driver/Src/stm32f1xx_hal_tim.o
 .debug_aranges
                0x0000000000000858      0x168 ./Drivers/STM32F1xx_HAL_Driver/Src/stm32f1xx_hal_tim_ex.o
 .debug_aranges
                0x00000000000009c0      0x208 ./Drivers/STM32F1xx_HAL_Driver/Src/stm32f1xx_hal_uart.o
 .debug_aranges
                0x0000000000000bc8      0x1d8 ./Middlewares/Third_Party/FreeRTOS/Source/CMSIS_RTOS/cmsis_os.o
 .debug_aranges
                0x0000000000000da0       0x40 ./Middlewares/Third_Party/FreeRTOS/Source/list.o
 .debug_aranges
                0x0000000000000de0      0x108 ./Middlewares/Third_Party/FreeRTOS/Source/queue.o
 .debug_aranges
                0x0000000000000ee8      0x1b8 ./Middlewares/Third_Party/FreeRTOS/Source/tasks.o
 .debug_aranges
                0x00000000000010a0       0x78 ./Middlewares/Third_Party/FreeRTOS/Source/portable/GCC/ARM_CM3/port.o
 .debug_aranges
                0x0000000000001118       0x58 ./Middlewares/Third_Party/FreeRTOS/Source/portable/MemMang/heap_4.o

.debug_ranges   0x0000000000000000     0x1048
 .debug_ranges  0x0000000000000000       0x10 ./Core/Src/freertos.o
 .debug_ranges  0x0000000000000010       0x50 ./Core/Src/main.o
 .debug_ranges  0x0000000000000060       0x10 ./Core/Src/printf.o
 .debug_ranges  0x0000000000000070       0x20 ./Core/Src/stm32f1xx_hal_msp.o
 .debug_ranges  0x0000000000000090       0x20 ./Core/Src/stm32f1xx_hal_timebase_tim.o
 .debug_ranges  0x00000000000000b0       0x40 ./Core/Src/stm32f1xx_it.o
 .debug_ranges  0x00000000000000f0       0x10 ./Core/Src/sysmem.o
 .debug_ranges  0x0000000000000100       0x18 ./Core/Src/system_stm32f1xx.o
 .debug_ranges  0x0000000000000118       0x20 ./Core/Startup/startup_stm32f103rctx.o
 .debug_ranges  0x0000000000000138       0xd0 ./Drivers/STM32F1xx_HAL_Driver/Src/stm32f1xx_hal.o
 .debug_ranges  0x0000000000000208       0xf0 ./Drivers/STM32F1xx_HAL_Driver/Src/stm32f1xx_hal_cortex.o
 .debug_ranges  0x00000000000002f8       0x48 ./Drivers/STM32F1xx_HAL_Driver/Src/stm32f1xx_hal_gpio.o
 .debug_ranges  0x0000000000000340       0x80 ./Drivers/STM32F1xx_HAL_Driver/Src/stm32f1xx_hal_rcc.o
 .debug_ranges  0x00000000000003c0      0x3c0 ./Drivers/STM32F1xx_HAL_Driver/Src/stm32f1xx_hal_tim.o
 .debug_ranges  0x0000000000000780      0x158 ./Drivers/STM32F1xx_HAL_Driver/Src/stm32f1xx_hal_tim_ex.o
 .debug_ranges  0x00000000000008d8      0x228 ./Drivers/STM32F1xx_HAL_Driver/Src/stm32f1xx_hal_uart.o
 .debug_ranges  0x0000000000000b00      0x1c8 ./Middlewares/Third_Party/FreeRTOS/Source/CMSIS_RTOS/cmsis_os.o
 .debug_ranges  0x0000000000000cc8       0x30 ./Middlewares/Third_Party/FreeRTOS/Source/list.o
 .debug_ranges  0x0000000000000cf8       0xf8 ./Middlewares/Third_Party/FreeRTOS/Source/queue.o
 .debug_ranges  0x0000000000000df0      0x1a8 ./Middlewares/Third_Party/FreeRTOS/Source/tasks.o
 .debug_ranges  0x0000000000000f98       0x68 ./Middlewares/Third_Party/FreeRTOS/Source/portable/GCC/ARM_CM3/port.o
 .debug_ranges  0x0000000000001000       0x48 ./Middlewares/Third_Party/FreeRTOS/Source/portable/MemMang/heap_4.o

.debug_macro    0x0000000000000000    0x1c25a
 .debug_macro   0x0000000000000000      0x215 ./Core/Src/freertos.o
 .debug_macro   0x0000000000000215      0xa9c ./Core/Src/freertos.o
 .debug_macro   0x0000000000000cb1      0x174 ./Core/Src/freertos.o
 .debug_macro   0x0000000000000e25       0x22 ./Core/Src/freertos.o
 .debug_macro   0x0000000000000e47       0x8e ./Core/Src/freertos.o
 .debug_macro   0x0000000000000ed5       0x51 ./Core/Src/freertos.o
 .debug_macro   0x0000000000000f26      0x103 ./Core/Src/freertos.o
 .debug_macro   0x0000000000001029       0x6a ./Core/Src/freertos.o
 .debug_macro   0x0000000000001093      0x1df ./Core/Src/freertos.o
 .debug_macro   0x0000000000001272       0xd6 ./Core/Src/freertos.o
 .debug_macro   0x0000000000001348      0x15a ./Core/Src/freertos.o
 .debug_macro   0x00000000000014a2       0xde ./Core/Src/freertos.o
 .debug_macro   0x0000000000001580       0x1c ./Core/Src/freertos.o
 .debug_macro   0x000000000000159c       0x26 ./Core/Src/freertos.o
 .debug_macro   0x00000000000015c2      0x519 ./Core/Src/freertos.o
 .debug_macro   0x0000000000001adb       0xb5 ./Core/Src/freertos.o
 .debug_macro   0x0000000000001b90       0xaa ./Core/Src/freertos.o
 .debug_macro   0x0000000000001c3a      0x21b ./Core/Src/freertos.o
 .debug_macro   0x0000000000001e55       0x2e ./Core/Src/freertos.o
 .debug_macro   0x0000000000001e83       0x22 ./Core/Src/freertos.o
 .debug_macro   0x0000000000001ea5       0x1c ./Core/Src/freertos.o
 .debug_macro   0x0000000000001ec1       0x22 ./Core/Src/freertos.o
 .debug_macro   0x0000000000001ee3       0xc3 ./Core/Src/freertos.o
 .debug_macro   0x0000000000001fa6      0xd23 ./Core/Src/freertos.o
 .debug_macro   0x0000000000002cc9     0xfd8c ./Core/Src/freertos.o
 .debug_macro   0x0000000000012a55       0x6d ./Core/Src/freertos.o
 .debug_macro   0x0000000000012ac2     0x34a2 ./Core/Src/freertos.o
 .debug_macro   0x0000000000015f64       0x5c ./Core/Src/freertos.o
 .debug_macro   0x0000000000015fc0      0x5bc ./Core/Src/freertos.o
 .debug_macro   0x000000000001657c      0x4d5 ./Core/Src/freertos.o
 .debug_macro   0x0000000000016a51      0x1cb ./Core/Src/freertos.o
 .debug_macro   0x0000000000016c1c      0x114 ./Core/Src/freertos.o
 .debug_macro   0x0000000000016d30      0x1ea ./Core/Src/freertos.o
 .debug_macro   0x0000000000016f1a       0x27 ./Core/Src/freertos.o
 .debug_macro   0x0000000000016f41      0x144 ./Core/Src/freertos.o
 .debug_macro   0x0000000000017085      0x1bc ./Core/Src/freertos.o
 .debug_macro   0x0000000000017241       0x30 ./Core/Src/freertos.o
 .debug_macro   0x0000000000017271       0x3c ./Core/Src/freertos.o
 .debug_macro   0x00000000000172ad       0x57 ./Core/Src/freertos.o
 .debug_macro   0x0000000000017304       0x87 ./Core/Src/freertos.o
 .debug_macro   0x000000000001738b      0x24f ./Core/Src/freertos.o
 .debug_macro   0x00000000000175da      0x140 ./Core/Src/freertos.o
 .debug_macro   0x000000000001771a      0x8ed ./Core/Src/freertos.o
 .debug_macro   0x0000000000018007      0x28e ./Core/Src/freertos.o
 .debug_macro   0x0000000000018295       0xb5 ./Core/Src/freertos.o
 .debug_macro   0x000000000001834a      0x3d2 ./Core/Src/main.o
 .debug_macro   0x000000000001871c       0xd6 ./Core/Src/main.o
 .debug_macro   0x00000000000187f2       0x91 ./Core/Src/main.o
 .debug_macro   0x0000000000018883       0x8d ./Core/Src/main.o
 .debug_macro   0x0000000000018910       0x7e ./Core/Src/main.o
 .debug_macro   0x000000000001898e       0x19 ./Core/Src/main.o
 .debug_macro   0x00000000000189a7       0xf2 ./Core/Src/main.o
 .debug_macro   0x0000000000018a99       0x52 ./Core/Src/main.o
 .debug_macro   0x0000000000018aeb       0x18 ./Core/Src/main.o
 .debug_macro   0x0000000000018b03       0x3c ./Core/Src/main.o
 .debug_macro   0x0000000000018b3f       0x34 ./Core/Src/main.o
 .debug_macro   0x0000000000018b73       0x16 ./Core/Src/main.o
 .debug_macro   0x0000000000018b89       0x35 ./Core/Src/main.o
 .debug_macro   0x0000000000018bbe      0x333 ./Core/Src/main.o
 .debug_macro   0x0000000000018ef1       0x10 ./Core/Src/main.o
 .debug_macro   0x0000000000018f01       0x16 ./Core/Src/main.o
 .debug_macro   0x0000000000018f17       0x43 ./Core/Src/main.o
 .debug_macro   0x0000000000018f5a       0x34 ./Core/Src/main.o
 .debug_macro   0x0000000000018f8e       0x10 ./Core/Src/main.o
 .debug_macro   0x0000000000018f9e       0x58 ./Core/Src/main.o
 .debug_macro   0x0000000000018ff6       0x71 ./Core/Src/main.o
 .debug_macro   0x0000000000019067       0x1c ./Core/Src/main.o
 .debug_macro   0x0000000000019083      0x12a ./Core/Src/main.o
 .debug_macro   0x00000000000191ad       0x10 ./Core/Src/main.o
 .debug_macro   0x00000000000191bd       0x1c ./Core/Src/main.o
 .debug_macro   0x00000000000191d9       0x52 ./Core/Src/main.o
 .debug_macro   0x000000000001922b       0x22 ./Core/Src/main.o
 .debug_macro   0x000000000001924d       0x10 ./Core/Src/main.o
 .debug_macro   0x000000000001925d       0x40 ./Core/Src/main.o
 .debug_macro   0x000000000001929d       0xd5 ./Core/Src/main.o
 .debug_macro   0x0000000000019372       0x1c ./Core/Src/main.o
 .debug_macro   0x000000000001938e       0x3d ./Core/Src/main.o
 .debug_macro   0x00000000000193cb       0x16 ./Core/Src/main.o
 .debug_macro   0x00000000000193e1      0x145 ./Core/Src/main.o
 .debug_macro   0x0000000000019526       0x4c ./Core/Src/main.o
 .debug_macro   0x0000000000019572      0x319 ./Core/Src/printf.o
 .debug_macro   0x000000000001988b       0x4c ./Core/Src/printf.o
 .debug_macro   0x00000000000198d7       0x94 ./Core/Src/printf.o
 .debug_macro   0x000000000001996b       0x57 ./Core/Src/printf.o
 .debug_macro   0x00000000000199c2       0x97 ./Core/Src/printf.o
 .debug_macro   0x0000000000019a59      0x339 ./Core/Src/printf.o
 .debug_macro   0x0000000000019d92       0xfd ./Core/Src/printf.o
 .debug_macro   0x0000000000019e8f       0xbd ./Core/Src/printf.o
 .debug_macro   0x0000000000019f4c       0x56 ./Core/Src/printf.o
 .debug_macro   0x0000000000019fa2      0x1ad ./Core/Src/stm32f1xx_hal_msp.o
 .debug_macro   0x000000000001a14f      0x1a3 ./Core/Src/stm32f1xx_hal_timebase_tim.o
 .debug_macro   0x000000000001a2f2      0x1b7 ./Core/Src/stm32f1xx_it.o
 .debug_macro   0x000000000001a4a9       0xff ./Core/Src/sysmem.o
 .debug_macro   0x000000000001a5a8      0x23b ./Core/Src/sysmem.o
 .debug_macro   0x000000000001a7e3      0x1a3 ./Core/Src/system_stm32f1xx.o
 .debug_macro   0x000000000001a986      0x1c7 ./Drivers/STM32F1xx_HAL_Driver/Src/stm32f1xx_hal.o
 .debug_macro   0x000000000001ab4d      0x1a3 ./Drivers/STM32F1xx_HAL_Driver/Src/stm32f1xx_hal_cortex.o
 .debug_macro   0x000000000001acf0      0x20e ./Drivers/STM32F1xx_HAL_Driver/Src/stm32f1xx_hal_gpio.o
 .debug_macro   0x000000000001aefe      0x1b5 ./Drivers/STM32F1xx_HAL_Driver/Src/stm32f1xx_hal_rcc.o
 .debug_macro   0x000000000001b0b3      0x1a4 ./Drivers/STM32F1xx_HAL_Driver/Src/stm32f1xx_hal_tim.o
 .debug_macro   0x000000000001b257      0x1a3 ./Drivers/STM32F1xx_HAL_Driver/Src/stm32f1xx_hal_tim_ex.o
 .debug_macro   0x000000000001b3fa      0x1a4 ./Drivers/STM32F1xx_HAL_Driver/Src/stm32f1xx_hal_uart.o
 .debug_macro   0x000000000001b59e      0x1fe ./Middlewares/Third_Party/FreeRTOS/Source/CMSIS_RTOS/cmsis_os.o
 .debug_macro   0x000000000001b79c       0x10 ./Middlewares/Third_Party/FreeRTOS/Source/CMSIS_RTOS/cmsis_os.o
 .debug_macro   0x000000000001b7ac       0x20 ./Middlewares/Third_Party/FreeRTOS/Source/CMSIS_RTOS/cmsis_os.o
 .debug_macro   0x000000000001b7cc       0xab ./Middlewares/Third_Party/FreeRTOS/Source/CMSIS_RTOS/cmsis_os.o
 .debug_macro   0x000000000001b877      0x187 ./Middlewares/Third_Party/FreeRTOS/Source/list.o
 .debug_macro   0x000000000001b9fe      0x216 ./Middlewares/Third_Party/FreeRTOS/Source/queue.o
 .debug_macro   0x000000000001bc14       0x16 ./Middlewares/Third_Party/FreeRTOS/Source/queue.o
 .debug_macro   0x000000000001bc2a       0x87 ./Middlewares/Third_Party/FreeRTOS/Source/queue.o
 .debug_macro   0x000000000001bcb1      0x279 ./Middlewares/Third_Party/FreeRTOS/Source/tasks.o
 .debug_macro   0x000000000001bf2a       0x10 ./Middlewares/Third_Party/FreeRTOS/Source/tasks.o
 .debug_macro   0x000000000001bf3a      0x172 ./Middlewares/Third_Party/FreeRTOS/Source/portable/GCC/ARM_CM3/port.o
 .debug_macro   0x000000000001c0ac      0x1ae ./Middlewares/Third_Party/FreeRTOS/Source/portable/MemMang/heap_4.o

.debug_line     0x0000000000000000    0x1358c
 .debug_line    0x0000000000000000      0x77a ./Core/Src/freertos.o
 .debug_line    0x000000000000077a      0xb73 ./Core/Src/main.o
 .debug_line    0x00000000000012ed      0x86d ./Core/Src/printf.o
 .debug_line    0x0000000000001b5a      0x6d2 ./Core/Src/stm32f1xx_hal_msp.o
 .debug_line    0x000000000000222c      0x6dc ./Core/Src/stm32f1xx_hal_timebase_tim.o
 .debug_line    0x0000000000002908      0x719 ./Core/Src/stm32f1xx_it.o
 .debug_line    0x0000000000003021      0x4f8 ./Core/Src/sysmem.o
 .debug_line    0x0000000000003519      0x6fb ./Core/Src/system_stm32f1xx.o
 .debug_line    0x0000000000003c14       0x87 ./Core/Startup/startup_stm32f103rctx.o
 .debug_line    0x0000000000003c9b      0x928 ./Drivers/STM32F1xx_HAL_Driver/Src/stm32f1xx_hal.o
 .debug_line    0x00000000000045c3      0xb10 ./Drivers/STM32F1xx_HAL_Driver/Src/stm32f1xx_hal_cortex.o
 .debug_line    0x00000000000050d3      0x9e9 ./Drivers/STM32F1xx_HAL_Driver/Src/stm32f1xx_hal_gpio.o
 .debug_line    0x0000000000005abc      0xd34 ./Drivers/STM32F1xx_HAL_Driver/Src/stm32f1xx_hal_rcc.o
 .debug_line    0x00000000000067f0     0x35e2 ./Drivers/STM32F1xx_HAL_Driver/Src/stm32f1xx_hal_tim.o
 .debug_line    0x0000000000009dd2     0x18d4 ./Drivers/STM32F1xx_HAL_Driver/Src/stm32f1xx_hal_tim_ex.o
 .debug_line    0x000000000000b6a6     0x27ef ./Drivers/STM32F1xx_HAL_Driver/Src/stm32f1xx_hal_uart.o
 .debug_line    0x000000000000de95     0x11c3 ./Middlewares/Third_Party/FreeRTOS/Source/CMSIS_RTOS/cmsis_os.o
 .debug_line    0x000000000000f058      0x70a ./Middlewares/Third_Party/FreeRTOS/Source/list.o
 .debug_line    0x000000000000f762     0x148b ./Middlewares/Third_Party/FreeRTOS/Source/queue.o
 .debug_line    0x0000000000010bed     0x191b ./Middlewares/Third_Party/FreeRTOS/Source/tasks.o
 .debug_line    0x0000000000012508      0x751 ./Middlewares/Third_Party/FreeRTOS/Source/portable/GCC/ARM_CM3/port.o
 .debug_line    0x0000000000012c59      0x933 ./Middlewares/Third_Party/FreeRTOS/Source/portable/MemMang/heap_4.o

.debug_str      0x0000000000000000    0xa1f00
 .debug_str     0x0000000000000000    0x954e9 ./Core/Src/freertos.o
                                      0x9591d (size before relaxing)
 .debug_str     0x00000000000954e9     0x6e73 ./Core/Src/main.o
                                      0x9c89b (size before relaxing)
 .debug_str     0x000000000009c35c       0x3c ./Core/Src/printf.o
                                      0x95ffa (size before relaxing)
 .debug_str     0x000000000009c398      0x3c3 ./Core/Src/stm32f1xx_hal_msp.o
                                      0x92299 (size before relaxing)
 .debug_str     0x000000000009c75b       0xaa ./Core/Src/stm32f1xx_hal_timebase_tim.o
                                      0x923ba (size before relaxing)
 .debug_str     0x000000000009c805       0xa2 ./Core/Src/stm32f1xx_it.o
                                      0x91f47 (size before relaxing)
 .debug_str     0x000000000009c8a7      0x369 ./Core/Src/sysmem.o
                                       0x6247 (size before relaxing)
 .debug_str     0x000000000009cc10       0x52 ./Core/Src/system_stm32f1xx.o
                                      0x91a78 (size before relaxing)
 .debug_str     0x000000000009cc62       0x36 ./Core/Startup/startup_stm32f103rctx.o
                                         0x5b (size before relaxing)
 .debug_str     0x000000000009cc98      0x2b9 ./Drivers/STM32F1xx_HAL_Driver/Src/stm32f1xx_hal.o
                                      0x921ed (size before relaxing)
 .debug_str     0x000000000009cf51      0x2f7 ./Drivers/STM32F1xx_HAL_Driver/Src/stm32f1xx_hal_cortex.o
                                      0x921f5 (size before relaxing)
 .debug_str     0x000000000009d248      0x340 ./Drivers/STM32F1xx_HAL_Driver/Src/stm32f1xx_hal_gpio.o
                                      0x91e3c (size before relaxing)
 .debug_str     0x000000000009d588      0x245 ./Drivers/STM32F1xx_HAL_Driver/Src/stm32f1xx_hal_rcc.o
                                      0x91e75 (size before relaxing)
 .debug_str     0x000000000009d7cd      0xe5d ./Drivers/STM32F1xx_HAL_Driver/Src/stm32f1xx_hal_tim.o
                                      0x92e5e (size before relaxing)
 .debug_str     0x000000000009e62a      0x538 ./Drivers/STM32F1xx_HAL_Driver/Src/stm32f1xx_hal_tim_ex.o
                                      0x925ff (size before relaxing)
 .debug_str     0x000000000009eb62      0x61e ./Drivers/STM32F1xx_HAL_Driver/Src/stm32f1xx_hal_uart.o
                                      0x924cd (size before relaxing)
 .debug_str     0x000000000009f180      0x7c0 ./Middlewares/Third_Party/FreeRTOS/Source/CMSIS_RTOS/cmsis_os.o
                                       0xe2de (size before relaxing)
 .debug_str     0x000000000009f940      0x219 ./Middlewares/Third_Party/FreeRTOS/Source/list.o
                                       0xab09 (size before relaxing)
 .debug_str     0x000000000009fb59      0x816 ./Middlewares/Third_Party/FreeRTOS/Source/queue.o
                                       0xc313 (size before relaxing)
 .debug_str     0x00000000000a036f     0x115f ./Middlewares/Third_Party/FreeRTOS/Source/tasks.o
                                       0xcd73 (size before relaxing)
 .debug_str     0x00000000000a14ce      0x6ee ./Middlewares/Third_Party/FreeRTOS/Source/portable/GCC/ARM_CM3/port.o
                                       0x8533 (size before relaxing)
 .debug_str     0x00000000000a1bbc      0x344 ./Middlewares/Third_Party/FreeRTOS/Source/portable/MemMang/heap_4.o
                                       0xb3fc (size before relaxing)

.comment        0x0000000000000000       0x53
 .comment       0x0000000000000000       0x53 ./Core/Src/freertos.o
                                         0x54 (size before relaxing)
 .comment       0x0000000000000053       0x54 ./Core/Src/main.o
 .comment       0x0000000000000053       0x54 ./Core/Src/printf.o
 .comment       0x0000000000000053       0x54 ./Core/Src/stm32f1xx_hal_msp.o
 .comment       0x0000000000000053       0x54 ./Core/Src/stm32f1xx_hal_timebase_tim.o
 .comment       0x0000000000000053       0x54 ./Core/Src/stm32f1xx_it.o
 .comment       0x0000000000000053       0x54 ./Core/Src/sysmem.o
 .comment       0x0000000000000053       0x54 ./Core/Src/system_stm32f1xx.o
 .comment       0x0000000000000053       0x54 ./Drivers/STM32F1xx_HAL_Driver/Src/stm32f1xx_hal.o
 .comment       0x0000000000000053       0x54 ./Drivers/STM32F1xx_HAL_Driver/Src/stm32f1xx_hal_cortex.o
 .comment       0x0000000000000053       0x54 ./Drivers/STM32F1xx_HAL_Driver/Src/stm32f1xx_hal_gpio.o
 .comment       0x0000000000000053       0x54 ./Drivers/STM32F1xx_HAL_Driver/Src/stm32f1xx_hal_rcc.o
 .comment       0x0000000000000053       0x54 ./Drivers/STM32F1xx_HAL_Driver/Src/stm32f1xx_hal_tim.o
 .comment       0x0000000000000053       0x54 ./Drivers/STM32F1xx_HAL_Driver/Src/stm32f1xx_hal_tim_ex.o
 .comment       0x0000000000000053       0x54 ./Drivers/STM32F1xx_HAL_Driver/Src/stm32f1xx_hal_uart.o
 .comment       0x0000000000000053       0x54 ./Middlewares/Third_Party/FreeRTOS/Source/CMSIS_RTOS/cmsis_os.o
 .comment       0x0000000000000053       0x54 ./Middlewares/Third_Party/FreeRTOS/Source/list.o
 .comment       0x0000000000000053       0x54 ./Middlewares/Third_Party/FreeRTOS/Source/queue.o
 .comment       0x0000000000000053       0x54 ./Middlewares/Third_Party/FreeRTOS/Source/tasks.o
 .comment       0x0000000000000053       0x54 ./Middlewares/Third_Party/FreeRTOS/Source/portable/GCC/ARM_CM3/port.o
 .comment       0x0000000000000053       0x54 ./Middlewares/Third_Party/FreeRTOS/Source/portable/MemMang/heap_4.o

.debug_frame    0x0000000000000000     0x4bc8
 .debug_frame   0x0000000000000000       0x38 ./Core/Src/freertos.o
 .debug_frame   0x0000000000000038      0x134 ./Core/Src/main.o
 .debug_frame   0x000000000000016c       0x4c ./Core/Src/printf.o
 .debug_frame   0x00000000000001b8       0x7c ./Core/Src/stm32f1xx_hal_msp.o
 .debug_frame   0x0000000000000234       0x74 ./Core/Src/stm32f1xx_hal_timebase_tim.o
 .debug_frame   0x00000000000002a8       0xc4 ./Core/Src/stm32f1xx_it.o
 .debug_frame   0x000000000000036c       0x34 ./Core/Src/sysmem.o
 .debug_frame   0x00000000000003a0       0x58 ./Core/Src/system_stm32f1xx.o
 .debug_frame   0x00000000000003f8      0x334 ./Drivers/STM32F1xx_HAL_Driver/Src/stm32f1xx_hal.o
 .debug_frame   0x000000000000072c      0x428 ./Drivers/STM32F1xx_HAL_Driver/Src/stm32f1xx_hal_cortex.o
 .debug_frame   0x0000000000000b54      0x14c ./Drivers/STM32F1xx_HAL_Driver/Src/stm32f1xx_hal_gpio.o
 .debug_frame   0x0000000000000ca0      0x218 ./Drivers/STM32F1xx_HAL_Driver/Src/stm32f1xx_hal_rcc.o
 .debug_frame   0x0000000000000eb8     0x11b8 ./Drivers/STM32F1xx_HAL_Driver/Src/stm32f1xx_hal_tim.o